
#########################################################
##### Extensive de-novo TE Annotator (EDTA) v2.2.2  #####
##### Shujun Ou (shujun.ou.1@gmail.com)             #####
#########################################################


Parameters: --genome /scratch/GDB136/new_anno/genome_by_contigs/contig_corrected_v1_794.fasta --anno 1 --overwrite 1 --threads 16


sáb 07 mar 2026 09:18:44 CET	Dependency checking:
	All passed!

sáb 07 mar 2026 09:18:46 CET	The longest sequence ID in the genome contains 23 characters, which is longer than the limit (13)
	Trying to reformat seq IDs...
		Attempt 1...
sáb 07 mar 2026 09:18:46 CET	Seq ID conversion successful!

sáb 07 mar 2026 09:18:46 CET	Obtain raw TE libraries using various structure-based programs: 
sáb 07 mar 2026 09:18:46 CET	EDTA_raw: Check dependencies, prepare working directories.

sáb 07 mar 2026 09:18:56 CET	Start to find LTR candidates.

sáb 07 mar 2026 09:18:56 CET	Identify LTR retrotransposon candidates from scratch.

sáb 07 mar 2026 09:19:27 CET	Finish finding LTR candidates.

sáb 07 mar 2026 09:19:27 CET	Start to find SINE candidates.

sáb 07 mar 2026 09:19:34 CET	Warning: The SINE result file has 0 bp!

sáb 07 mar 2026 09:19:34 CET	Start to find LINE candidates.

sáb 07 mar 2026 09:19:34 CET	Identify LINE retrotransposon candidates from scratch.

sáb 07 mar 2026 09:20:23 CET	Warning: The LINE result file has 0 bp!

sáb 07 mar 2026 09:20:23 CET	Start to find TIR candidates.

sáb 07 mar 2026 09:20:23 CET	Identify TIR candidates from scratch.

Species: others
sáb 07 mar 2026 09:20:56 CET	Finish finding TIR candidates.

sáb 07 mar 2026 09:20:56 CET	Start to find Helitron candidates.

sáb 07 mar 2026 09:20:56 CET	Identify Helitron candidates from scratch.


	perl make_bed_with_intact.pl EDTA.intact.fa > EDTA.intact.bed 

sáb 07 mar 2026 09:21:09 CET	Warning: The Helitron result file has 0 bp!

sáb 07 mar 2026 09:21:09 CET	Execution of EDTA_raw.pl is finished!

ERROR: Raw Helitron results not found in contig_corrected_v1_794.fasta.mod.EDTA.raw/contig_corrected_v1_794.fasta.mod.Helitron.intact.raw.fa
	If you believe the program is working properly, this may be caused by the lack of intact Helitrons in your genome. Consider to use the --force 1 parameter to overwrite this check
