
#########################################################
##### Extensive de-novo TE Annotator (EDTA) v2.2.2  #####
##### Shujun Ou (shujun.ou.1@gmail.com)             #####
#########################################################


Parameters: --genome /scratch/GDB136/new_anno/genome_by_contigs/GDB136_chr5H.fasta --anno 1 --overwrite 1 --threads 16


lun 09 mar 2026 05:35:20 CET	Dependency checking:
	All passed!

lun 09 mar 2026 05:35:36 CET	Obtain raw TE libraries using various structure-based programs: 
lun 09 mar 2026 05:35:36 CET	EDTA_raw: Check dependencies, prepare working directories.

lun 09 mar 2026 05:35:48 CET	Start to find LTR candidates.

lun 09 mar 2026 05:35:48 CET	Identify LTR retrotransposon candidates from scratch.

Killed
Killed
Killed
Killed
Killed
Error: Could not load sequence. Empty file or bad format.

Filter sequence based on TEsorter classifications. Unclassified sequences will also be output to the clean file.
	Usage: perl cleanup_misclas.pl sequence.fa.rexdb.cls.tsv
	Author: Shujun Ou (shujun.ou.1@gmail.com) 10/11/2019
	
mv: no se puede efectuar `stat' sobre 'GDB136_chr5H.fasta.mod.LTR.intact.fa.ori.dusted.cln.cln': No existe el fichero o el directorio
mv: no se puede efectuar `stat' sobre 'GDB136_chr5H.fasta.mod.LTR.intact.fa.ori.dusted.cln.cln.list': No existe el fichero o el directorio
cp: no se puede efectuar `stat' sobre 'GDB136_chr5H.fasta.mod.LTR.intact.raw.fa.anno.list': No existe el fichero o el directorio
ERROR: No such file or directory at /scratch/software-phgv2/miniconda3/envs/EDTA_env/share/EDTA/bin/output_by_list.pl line 39.
lun 09 mar 2026 09:58:32 CET	Finish finding LTR candidates.

lun 09 mar 2026 09:58:32 CET	Start to find SINE candidates.

lun 09 mar 2026 10:55:07 CET	Finish finding SINE candidates.

lun 09 mar 2026 10:55:07 CET	Start to find LINE candidates.

lun 09 mar 2026 10:55:07 CET	Identify LINE retrotransposon candidates from scratch.

mar 10 mar 2026 00:05:41 CET	Finish finding LINE candidates.

mar 10 mar 2026 00:05:41 CET	Start to find TIR candidates.

mar 10 mar 2026 00:05:41 CET	Identify TIR candidates from scratch.

Species: others
mar 10 mar 2026 03:52:50 CET	Finish finding TIR candidates.

mar 10 mar 2026 03:52:50 CET	Start to find Helitron candidates.

mar 10 mar 2026 03:52:50 CET	Identify Helitron candidates from scratch.

mar 10 mar 2026 07:37:50 CET	Finish finding Helitron candidates.

mar 10 mar 2026 07:37:50 CET	Execution of EDTA_raw.pl is finished!

