
#########################################################
##### Extensive de-novo TE Annotator (EDTA) v2.2.2  #####
##### Shujun Ou (shujun.ou.1@gmail.com)             #####
#########################################################


Parameters: --genome /scratch/GDB136/new_anno/genome_by_contigs/GDB136_chr1H.fasta --anno 1 --overwrite 1 --threads 16


sáb 07 mar 2026 10:21:29 CET	Dependency checking:
	All passed!

sáb 07 mar 2026 10:21:44 CET	Obtain raw TE libraries using various structure-based programs: 
sáb 07 mar 2026 10:21:44 CET	EDTA_raw: Check dependencies, prepare working directories.

sáb 07 mar 2026 10:21:58 CET	Start to find LTR candidates.

sáb 07 mar 2026 10:21:58 CET	Identify LTR retrotransposon candidates from scratch.

Killed
Killed
Killed
Killed
Killed
Killed
Killed
Error: Could not load sequence. Empty file or bad format.

Filter sequence based on TEsorter classifications. Unclassified sequences will also be output to the clean file.
	Usage: perl cleanup_misclas.pl sequence.fa.rexdb.cls.tsv
	Author: Shujun Ou (shujun.ou.1@gmail.com) 10/11/2019
	
mv: no se puede efectuar `stat' sobre 'GDB136_chr1H.fasta.mod.LTR.intact.fa.ori.dusted.cln.cln': No existe el fichero o el directorio
mv: no se puede efectuar `stat' sobre 'GDB136_chr1H.fasta.mod.LTR.intact.fa.ori.dusted.cln.cln.list': No existe el fichero o el directorio
cp: no se puede efectuar `stat' sobre 'GDB136_chr1H.fasta.mod.LTR.intact.raw.fa.anno.list': No existe el fichero o el directorio
ERROR: No such file or directory at /scratch/software-phgv2/miniconda3/envs/EDTA_env/share/EDTA/bin/output_by_list.pl line 39.
sáb 07 mar 2026 14:01:31 CET	Finish finding LTR candidates.

sáb 07 mar 2026 14:01:31 CET	Start to find SINE candidates.

sáb 07 mar 2026 14:51:12 CET	Finish finding SINE candidates.

sáb 07 mar 2026 14:51:12 CET	Start to find LINE candidates.

sáb 07 mar 2026 14:51:12 CET	Identify LINE retrotransposon candidates from scratch.

dom 08 mar 2026 01:29:59 CET	Finish finding LINE candidates.

dom 08 mar 2026 01:29:59 CET	Start to find TIR candidates.

dom 08 mar 2026 01:29:59 CET	Identify TIR candidates from scratch.

Species: others
dom 08 mar 2026 04:55:51 CET	Finish finding TIR candidates.

dom 08 mar 2026 04:55:51 CET	Start to find Helitron candidates.

dom 08 mar 2026 04:55:51 CET	Identify Helitron candidates from scratch.

dom 08 mar 2026 07:49:57 CET	Finish finding Helitron candidates.

dom 08 mar 2026 07:49:57 CET	Execution of EDTA_raw.pl is finished!

ERROR: Raw LTR results not found in GDB136_chr1H.fasta.mod.EDTA.raw/GDB136_chr1H.fasta.mod.LTR.raw.fa and GDB136_chr1H.fasta.mod.EDTA.raw/GDB136_chr1H.fasta.mod.LTR.intact.raw.fa
	If you believe the program is working properly, this may be caused by the lack of intact LTRs in your genome. Consider to use the --force 1 parameter to overwrite this check
