
#########################################################
##### Extensive de-novo TE Annotator (EDTA) v2.2.2  #####
##### Shujun Ou (shujun.ou.1@gmail.com)             #####
#########################################################


Parameters: --genome /scratch/GDB136/new_anno/genome_by_contigs/contig_corrected_v1_663.fasta --anno 1 --overwrite 1 --threads 16


sáb 07 mar 2026 08:51:34 CET	Dependency checking:
	All passed!

sáb 07 mar 2026 08:51:36 CET	The longest sequence ID in the genome contains 23 characters, which is longer than the limit (13)
	Trying to reformat seq IDs...
		Attempt 1...
sáb 07 mar 2026 08:51:36 CET	Seq ID conversion successful!

sáb 07 mar 2026 08:51:36 CET	Obtain raw TE libraries using various structure-based programs: 
sáb 07 mar 2026 08:51:36 CET	EDTA_raw: Check dependencies, prepare working directories.

sáb 07 mar 2026 08:52:06 CET	Start to find LTR candidates.

sáb 07 mar 2026 08:52:06 CET	Identify LTR retrotransposon candidates from scratch.

sáb 07 mar 2026 08:52:42 CET	Finish finding LTR candidates.

sáb 07 mar 2026 08:52:42 CET	Start to find SINE candidates.

sáb 07 mar 2026 08:52:49 CET	Warning: The SINE result file has 0 bp!

sáb 07 mar 2026 08:52:49 CET	Start to find LINE candidates.

sáb 07 mar 2026 08:52:49 CET	Identify LINE retrotransposon candidates from scratch.

sáb 07 mar 2026 08:53:21 CET	Warning: The LINE result file has 0 bp!

sáb 07 mar 2026 08:53:21 CET	Start to find TIR candidates.

sáb 07 mar 2026 08:53:21 CET	Identify TIR candidates from scratch.

Species: others
sáb 07 mar 2026 08:54:16 CET	Finish finding TIR candidates.

sáb 07 mar 2026 08:54:16 CET	Start to find Helitron candidates.

sáb 07 mar 2026 08:54:16 CET	Identify Helitron candidates from scratch.

sáb 07 mar 2026 08:54:33 CET	Finish finding Helitron candidates.

sáb 07 mar 2026 08:54:33 CET	Execution of EDTA_raw.pl is finished!

sáb 07 mar 2026 08:54:33 CET	Obtain raw TE libraries finished.
	All intact TEs found by EDTA: 
		contig_corrected_v1_663.fasta.mod.EDTA.intact.raw.fa 
		contig_corrected_v1_663.fasta.mod.EDTA.intact.raw.gff3

sáb 07 mar 2026 08:54:33 CET	Perform EDTA advance filtering for raw TE candidates and generate the stage 1 library: 


Warning: No sequences were masked
sáb 07 mar 2026 08:54:54 CET	EDTA advance filtering finished.

sáb 07 mar 2026 08:54:54 CET	Perform EDTA final steps to generate a non-redundant comprehensive TE library.

	Skipping the RepeatModeler results (--sensitive 0).
		Run EDTA.pl --step final --sensitive 1 if you want to add RepeatModeler results.

	Skipping the CDS cleaning step (--cds [File]) since no CDS file is provided or it's empty.

sáb 07 mar 2026 08:54:58 CET	EDTA final stage finished! You may check out:
		The final EDTA TE library: contig_corrected_v1_663.fasta.mod.EDTA.TElib.fa
sáb 07 mar 2026 08:54:58 CET	Perform post-EDTA analysis for whole-genome annotation:

sáb 07 mar 2026 08:54:58 CET	Homology-based annotation of TEs using contig_corrected_v1_663.fasta.mod.EDTA.TElib.fa from scratch.

sáb 07 mar 2026 08:55:08 CET	TE annotation using the EDTA library has finished! Check out:
		Whole-genome TE annotation (total TE: 47.76%): contig_corrected_v1_663.fasta.mod.EDTA.TEanno.gff3
		Whole-genome TE annotation summary: contig_corrected_v1_663.fasta.mod.EDTA.TEanno.sum
		Whole-genome TE divergence plot: contig_corrected_v1_663.fasta.mod_divergence_plot.pdf
		Whole-genome TE density plot: contig_corrected_v1_663.fasta.mod.EDTA.TEanno.density_plots.pdf
		Low-threshold TE masking for MAKER gene annotation (masked: 36.38%): contig_corrected_v1_663.fasta.mod.MAKER.masked

sáb 07 mar 2026 08:55:08 CET	Evaluate the level of inconsistency for whole-genome TE annotation:

Warning: LOC list - is empty.

Count all-versus-all misclassifications using the cleanup_nested.pl .stat file
	perl count_nested.pl -in sequence.fa.stat -cat [redun|nested|all] > sequence.fa.stat.sum

Count all-versus-all misclassifications using the cleanup_nested.pl .stat file
	perl count_nested.pl -in sequence.fa.stat -cat [redun|nested|all] > sequence.fa.stat.sum

Count all-versus-all misclassifications using the cleanup_nested.pl .stat file
	perl count_nested.pl -in sequence.fa.stat -cat [redun|nested|all] > sequence.fa.stat.sum
ERROR: TE annotation stats results not found in contig_corrected_v1_663.fasta.mod.EDTA.TE.fa.stat!

