
#########################################################
##### Extensive de-novo TE Annotator (EDTA) v2.2.2  #####
##### Shujun Ou (shujun.ou.1@gmail.com)             #####
#########################################################


Parameters: --genome /scratch/GDB136/new_anno/genome_by_contigs/contig_corrected_v1_1939.fasta --anno 1 --overwrite 1 --threads 16


sáb 07 mar 2026 02:56:26 CET	Dependency checking:
	All passed!

sáb 07 mar 2026 02:56:28 CET	The longest sequence ID in the genome contains 24 characters, which is longer than the limit (13)
	Trying to reformat seq IDs...
		Attempt 1...
sáb 07 mar 2026 02:56:28 CET	Seq ID conversion successful!

sáb 07 mar 2026 02:56:28 CET	Obtain raw TE libraries using various structure-based programs: 
sáb 07 mar 2026 02:56:29 CET	EDTA_raw: Check dependencies, prepare working directories.

sáb 07 mar 2026 02:56:40 CET	Start to find LTR candidates.

sáb 07 mar 2026 02:56:40 CET	Identify LTR retrotransposon candidates from scratch.


ERROR: No candidate is found in the file(s) you specified.

awk: fatal: no se puede abrir el fichero «contig_corrected_v1_1939.fasta.mod.pass.list» para lectura: No existe el fichero o el directorio
Warning: LOC list - is empty.

	perl rename_LTR_skim.pl target_sequence.fa LTR_retriever.defalse

Error: Could not load sequence. Empty file or bad format.

Filter sequence based on TEsorter classifications. Unclassified sequences will also be output to the clean file.
	Usage: perl cleanup_misclas.pl sequence.fa.rexdb.cls.tsv
	Author: Shujun Ou (shujun.ou.1@gmail.com) 10/11/2019
	
mv: no se puede efectuar `stat' sobre 'contig_corrected_v1_1939.fasta.mod.LTR.intact.fa.ori.dusted.cln.cln': No existe el fichero o el directorio
mv: no se puede efectuar `stat' sobre 'contig_corrected_v1_1939.fasta.mod.LTR.intact.fa.ori.dusted.cln.cln.list': No existe el fichero o el directorio
cp: no se puede efectuar `stat' sobre 'contig_corrected_v1_1939.fasta.mod.LTR.intact.raw.fa.anno.list': No existe el fichero o el directorio
ERROR: No such file or directory at /scratch/software-phgv2/miniconda3/envs/EDTA_env/share/EDTA/bin/output_by_list.pl line 39.

	perl filter_gff3.pl file.gff3 file.list > new.gff3

sáb 07 mar 2026 02:56:46 CET	Warning: The LTR result file has 0 bp!

sáb 07 mar 2026 02:56:46 CET	Start to find SINE candidates.

sáb 07 mar 2026 02:56:51 CET	Warning: The SINE result file has 0 bp!

sáb 07 mar 2026 02:56:51 CET	Start to find LINE candidates.

sáb 07 mar 2026 02:56:51 CET	Identify LINE retrotransposon candidates from scratch.

sáb 07 mar 2026 02:56:55 CET	Warning: The LINE result file has 0 bp!

sáb 07 mar 2026 02:56:55 CET	Start to find TIR candidates.

sáb 07 mar 2026 02:56:55 CET	Identify TIR candidates from scratch.

Species: others
Traceback (most recent call last):
  File "/scratch/software-phgv2/miniconda3/envs/EDTA_env/share/TIR-Learner3/TIR-Learner.py", line 119, in <module>
    main()
  File "/scratch/software-phgv2/miniconda3/envs/EDTA_env/share/TIR-Learner3/TIR-Learner.py", line 116, in main
    TIRLearner_instance.execute()
  File "/scratch/software-phgv2/miniconda3/envs/EDTA_env/share/TIR-Learner3/app/main.py", line 319, in execute
    self.execute_m4()
  File "/scratch/software-phgv2/miniconda3/envs/EDTA_env/share/TIR-Learner3/app/main.py", line 813, in execute_m4
    self["TIRvish"] = process_de_novo_result.process_TIRvish_result(self)
  File "/scratch/software-phgv2/miniconda3/envs/EDTA_env/share/TIR-Learner3/app/process_de_novo_result.py", line 125, in process_TIRvish_result
    df["check_N_per_seq_check"] = df.swifter.progress_bar(TIRLearner_instance.flag_verbose).apply(
  File "/scratch/software-phgv2/miniconda3/envs/EDTA_env/lib/python3.9/site-packages/pandas/core/frame.py", line 4306, in __setitem__
    self._set_item_frame_value(key, value)
  File "/scratch/software-phgv2/miniconda3/envs/EDTA_env/lib/python3.9/site-packages/pandas/core/frame.py", line 4464, in _set_item_frame_value
    raise ValueError(
ValueError: Cannot set a DataFrame with multiple columns to the single column check_N_per_seq_check
Can't open ./TIR-Learner-Result/TIR-Learner_FinalAnn.fa: No existe el fichero o el directorio at /scratch/software-phgv2/miniconda3/envs/EDTA_env/share/EDTA/bin/rename_tirlearner.pl line 19.
Warning: LOC list contig_corrected_v1_1939.fasta.mod.TIR.ext30.list is empty.
Error: Could not load sequence. Empty file or bad format.

Filter sequence based on TEsorter classifications. Unclassified sequences will also be output to the clean file.
	Usage: perl cleanup_misclas.pl sequence.fa.rexdb.cls.tsv
	Author: Shujun Ou (shujun.ou.1@gmail.com) 10/11/2019
	
mv: no se puede efectuar `stat' sobre 'contig_corrected_v1_1939.fasta.mod.TIR.ext30.fa.pass.fa.dusted.cln.cln': No existe el fichero o el directorio
cp: no se puede efectuar `stat' sobre 'contig_corrected_v1_1939.fasta.mod.TIR.ext30.fa.pass.fa.dusted.cln.cln.list': No existe el fichero o el directorio
cp: no se puede efectuar `stat' sobre 'contig_corrected_v1_1939.fasta.mod.TIR.intact.raw.fa.anno.list': No existe el fichero o el directorio
Can't open ./TIR-Learner-Result/TIR-Learner_FinalAnn.gff3: No existe el fichero o el directorio.
ERROR: No such file or directory at /scratch/software-phgv2/miniconda3/envs/EDTA_env/share/EDTA/bin/output_by_list.pl line 39.
Error: TIR results not found!

ERROR: Raw LTR results not found in contig_corrected_v1_1939.fasta.mod.EDTA.raw/contig_corrected_v1_1939.fasta.mod.LTR.raw.fa and contig_corrected_v1_1939.fasta.mod.EDTA.raw/contig_corrected_v1_1939.fasta.mod.LTR.intact.raw.fa
	If you believe the program is working properly, this may be caused by the lack of intact LTRs in your genome. Consider to use the --force 1 parameter to overwrite this check
