
#########################################################
##### Extensive de-novo TE Annotator (EDTA) v2.2.2  #####
##### Shujun Ou (shujun.ou.1@gmail.com)             #####
#########################################################


Parameters: --genome /scratch/GDB136/new_anno/genome_by_contigs/contig_corrected_v1_2534.fasta --anno 1 --overwrite 1 --threads 16


sáb 07 mar 2026 06:41:11 CET	Dependency checking:
	All passed!

sáb 07 mar 2026 06:41:13 CET	The longest sequence ID in the genome contains 24 characters, which is longer than the limit (13)
	Trying to reformat seq IDs...
		Attempt 1...
sáb 07 mar 2026 06:41:13 CET	Seq ID conversion successful!

sáb 07 mar 2026 06:41:14 CET	Obtain raw TE libraries using various structure-based programs: 
sáb 07 mar 2026 06:41:14 CET	EDTA_raw: Check dependencies, prepare working directories.

sáb 07 mar 2026 06:41:39 CET	Start to find LTR candidates.

sáb 07 mar 2026 06:41:39 CET	Identify LTR retrotransposon candidates from scratch.


ERROR: No candidate is found in the file(s) you specified.

awk: fatal: no se puede abrir el fichero «contig_corrected_v1_2534.fasta.mod.pass.list» para lectura: No existe el fichero o el directorio
Warning: LOC list - is empty.

	perl rename_LTR_skim.pl target_sequence.fa LTR_retriever.defalse

Error: Could not load sequence. Empty file or bad format.

Filter sequence based on TEsorter classifications. Unclassified sequences will also be output to the clean file.
	Usage: perl cleanup_misclas.pl sequence.fa.rexdb.cls.tsv
	Author: Shujun Ou (shujun.ou.1@gmail.com) 10/11/2019
	
mv: no se puede efectuar `stat' sobre 'contig_corrected_v1_2534.fasta.mod.LTR.intact.fa.ori.dusted.cln.cln': No existe el fichero o el directorio
mv: no se puede efectuar `stat' sobre 'contig_corrected_v1_2534.fasta.mod.LTR.intact.fa.ori.dusted.cln.cln.list': No existe el fichero o el directorio
cp: no se puede efectuar `stat' sobre 'contig_corrected_v1_2534.fasta.mod.LTR.intact.raw.fa.anno.list': No existe el fichero o el directorio
ERROR: No such file or directory at /scratch/software-phgv2/miniconda3/envs/EDTA_env/share/EDTA/bin/output_by_list.pl line 39.

	perl filter_gff3.pl file.gff3 file.list > new.gff3

sáb 07 mar 2026 06:41:46 CET	Warning: The LTR result file has 0 bp!

sáb 07 mar 2026 06:41:46 CET	Start to find SINE candidates.

sáb 07 mar 2026 06:41:47 CET	Warning: The SINE result file has 0 bp!

sáb 07 mar 2026 06:41:47 CET	Start to find LINE candidates.

sáb 07 mar 2026 06:41:47 CET	Identify LINE retrotransposon candidates from scratch.

ERROR: Raw LTR results not found in contig_corrected_v1_2534.fasta.mod.EDTA.raw/contig_corrected_v1_2534.fasta.mod.LTR.raw.fa and contig_corrected_v1_2534.fasta.mod.EDTA.raw/contig_corrected_v1_2534.fasta.mod.LTR.intact.raw.fa
	If you believe the program is working properly, this may be caused by the lack of intact LTRs in your genome. Consider to use the --force 1 parameter to overwrite this check
