
#########################################################
##### Extensive de-novo TE Annotator (EDTA) v2.2.2  #####
##### Shujun Ou (shujun.ou.1@gmail.com)             #####
#########################################################


Parameters: --genome genome/chr6H.fasta --anno 1 --overwrite 1 --threads 16


lun 22 sep 2025 09:01:19 CEST	Dependency checking:
	All passed!

lun 22 sep 2025 09:01:27 CEST	The longest sequence ID in the genome contains 24 characters, which is longer than the limit (13)
	Trying to reformat seq IDs...
		Attempt 1...
lun 22 sep 2025 09:01:30 CEST	Seq ID conversion successful!

lun 22 sep 2025 09:01:30 CEST	Obtain raw TE libraries using various structure-based programs: 
lun 22 sep 2025 09:01:30 CEST	EDTA_raw: Check dependencies, prepare working directories.

lun 22 sep 2025 09:01:37 CEST	Start to find LTR candidates.

lun 22 sep 2025 09:01:37 CEST	Identify LTR retrotransposon candidates from scratch.

Killed
Killed
Killed
Killed
Killed
Killed
Killed
Killed
lun 22 sep 2025 11:24:22 CEST	Finish finding LTR candidates.

lun 22 sep 2025 11:24:22 CEST	Start to find SINE candidates.

lun 22 sep 2025 12:26:35 CEST	Finish finding SINE candidates.

lun 22 sep 2025 12:26:35 CEST	Start to find LINE candidates.

lun 22 sep 2025 12:26:35 CEST	Identify LINE retrotransposon candidates from scratch.

lun 22 sep 2025 18:55:44 CEST	Finish finding LINE candidates.

lun 22 sep 2025 18:55:44 CEST	Start to find TIR candidates.

lun 22 sep 2025 18:55:44 CEST	Identify TIR candidates from scratch.

Species: others
lun 22 sep 2025 22:03:40 CEST	Finish finding TIR candidates.

lun 22 sep 2025 22:03:40 CEST	Start to find Helitron candidates.

lun 22 sep 2025 22:03:40 CEST	Identify Helitron candidates from scratch.

mar 23 sep 2025 00:57:10 CEST	Finish finding Helitron candidates.

mar 23 sep 2025 00:57:10 CEST	Execution of EDTA_raw.pl is finished!

mar 23 sep 2025 00:57:11 CEST	Obtain raw TE libraries finished.
	All intact TEs found by EDTA: 
		chr6H.fasta.mod.EDTA.intact.raw.fa 
		chr6H.fasta.mod.EDTA.intact.raw.gff3

mar 23 sep 2025 00:57:11 CEST	Perform EDTA advance filtering for raw TE candidates and generate the stage 1 library: 

mar 23 sep 2025 01:07:01 CEST	EDTA advance filtering finished.

mar 23 sep 2025 01:07:01 CEST	Perform EDTA final steps to generate a non-redundant comprehensive TE library.

	Skipping the RepeatModeler results (--sensitive 0).
		Run EDTA.pl --step final --sensitive 1 if you want to add RepeatModeler results.

	Skipping the CDS cleaning step (--cds [File]) since no CDS file is provided or it's empty.

mar 23 sep 2025 01:17:00 CEST	EDTA final stage finished! You may check out:
		The final EDTA TE library: chr6H.fasta.mod.EDTA.TElib.fa
mar 23 sep 2025 01:17:00 CEST	Perform post-EDTA analysis for whole-genome annotation:

mar 23 sep 2025 01:17:00 CEST	Homology-based annotation of TEs using chr6H.fasta.mod.EDTA.TElib.fa from scratch.

mar 23 sep 2025 02:18:07 CEST	TE annotation using the EDTA library has finished! Check out:
		Whole-genome TE annotation (total TE: 85.48%): chr6H.fasta.mod.EDTA.TEanno.gff3
		Whole-genome TE annotation summary: chr6H.fasta.mod.EDTA.TEanno.sum
		Whole-genome TE divergence plot: chr6H.fasta.mod_divergence_plot.pdf
		Whole-genome TE density plot: chr6H.fasta.mod.EDTA.TEanno.density_plots.pdf
		Low-threshold TE masking for MAKER gene annotation (masked: 62.18%): chr6H.fasta.mod.MAKER.masked

mar 23 sep 2025 02:18:08 CEST	Evaluate the level of inconsistency for whole-genome TE annotation:

mar 23 sep 2025 02:23:28 CEST	Evaluation of TE annotation finished! Check out these files:

				Overall: chr6H.fasta.mod.EDTA.TE.fa.stat.all.sum
				Nested: chr6H.fasta.mod.EDTA.TE.fa.stat.nested.sum
				Non-nested: chr6H.fasta.mod.EDTA.TE.fa.stat.redun.sum

		If you want to learn more about the formatting and information of these files, please visit:
			https://github.com/oushujun/EDTA/wiki/Making-sense-of-EDTA-usage-and-outputs---Q&A

