nohup: no se tendrá en cuenta la entrada
Starting EDTA pipeline for ALL fasta files...
 - Outputs will be saved to: EDTA/
 - Logs will be saved to:    logs/EDTA/
Submitting EDTA.pl for contig_corrected_v1_1000...
Submitting EDTA.pl for contig_corrected_v1_1001...
Submitting EDTA.pl for contig_corrected_v1_1002...
Submitting EDTA.pl for contig_corrected_v1_1003...
Submitting EDTA.pl for contig_corrected_v1_1004...
Submitting EDTA.pl for contig_corrected_v1_1005...
Submitting EDTA.pl for contig_corrected_v1_1006...
Submitting EDTA.pl for contig_corrected_v1_1007...
Submitting EDTA.pl for contig_corrected_v1_1008...
Submitting EDTA.pl for contig_corrected_v1_1009...
Submitting EDTA.pl for contig_corrected_v1_1010...
Submitting EDTA.pl for contig_corrected_v1_1011...
Submitting EDTA.pl for contig_corrected_v1_1012...
Submitting EDTA.pl for contig_corrected_v1_1013...
Submitting EDTA.pl for contig_corrected_v1_1014...
Submitting EDTA.pl for contig_corrected_v1_1015...
Submitting EDTA.pl for contig_corrected_v1_1016...
Submitting EDTA.pl for contig_corrected_v1_1017...
Submitting EDTA.pl for contig_corrected_v1_1018...
Submitting EDTA.pl for contig_corrected_v1_1019...
Submitting EDTA.pl for contig_corrected_v1_1020...
Submitting EDTA.pl for contig_corrected_v1_1021...
Submitting EDTA.pl for contig_corrected_v1_1022...
Submitting EDTA.pl for contig_corrected_v1_1023...
Submitting EDTA.pl for contig_corrected_v1_1024...
Submitting EDTA.pl for contig_corrected_v1_1025...
Submitting EDTA.pl for contig_corrected_v1_1026...
Submitting EDTA.pl for contig_corrected_v1_1027...
Submitting EDTA.pl for contig_corrected_v1_1028...
Submitting EDTA.pl for contig_corrected_v1_1029...
Submitting EDTA.pl for contig_corrected_v1_1030...
Submitting EDTA.pl for contig_corrected_v1_1031...
Submitting EDTA.pl for contig_corrected_v1_1032...
Submitting EDTA.pl for contig_corrected_v1_1033...
Submitting EDTA.pl for contig_corrected_v1_1034...
Submitting EDTA.pl for contig_corrected_v1_1035...
Submitting EDTA.pl for contig_corrected_v1_1036...
Submitting EDTA.pl for contig_corrected_v1_1037...
Submitting EDTA.pl for contig_corrected_v1_1038...
Submitting EDTA.pl for contig_corrected_v1_1039...
Submitting EDTA.pl for contig_corrected_v1_1040...
Submitting EDTA.pl for contig_corrected_v1_1041...
Submitting EDTA.pl for contig_corrected_v1_1042...
Submitting EDTA.pl for contig_corrected_v1_1045...
Submitting EDTA.pl for contig_corrected_v1_1048...
Submitting EDTA.pl for contig_corrected_v1_1049...
Submitting EDTA.pl for contig_corrected_v1_1050...
Submitting EDTA.pl for contig_corrected_v1_1055...
Submitting EDTA.pl for contig_corrected_v1_1057...
Submitting EDTA.pl for contig_corrected_v1_1064...
Submitting EDTA.pl for contig_corrected_v1_1066...
Submitting EDTA.pl for contig_corrected_v1_1067...
Submitting EDTA.pl for contig_corrected_v1_1074...
Submitting EDTA.pl for contig_corrected_v1_1075...
Submitting EDTA.pl for contig_corrected_v1_1078...
Submitting EDTA.pl for contig_corrected_v1_1081...
Submitting EDTA.pl for contig_corrected_v1_1082...
Submitting EDTA.pl for contig_corrected_v1_1083...
Submitting EDTA.pl for contig_corrected_v1_1086...
Submitting EDTA.pl for contig_corrected_v1_1087...
Submitting EDTA.pl for contig_corrected_v1_1088...
Submitting EDTA.pl for contig_corrected_v1_1090...
Submitting EDTA.pl for contig_corrected_v1_1091...
Submitting EDTA.pl for contig_corrected_v1_1092...
Submitting EDTA.pl for contig_corrected_v1_1094...
Submitting EDTA.pl for contig_corrected_v1_1096...
Submitting EDTA.pl for contig_corrected_v1_1097...
Submitting EDTA.pl for contig_corrected_v1_1098...
Submitting EDTA.pl for contig_corrected_v1_1100...
Submitting EDTA.pl for contig_corrected_v1_1102...
Submitting EDTA.pl for contig_corrected_v1_1103...
Submitting EDTA.pl for contig_corrected_v1_1105...
Submitting EDTA.pl for contig_corrected_v1_1107...
Submitting EDTA.pl for contig_corrected_v1_1108...
Submitting EDTA.pl for contig_corrected_v1_1109...
Submitting EDTA.pl for contig_corrected_v1_1110...
Submitting EDTA.pl for contig_corrected_v1_1111...
Submitting EDTA.pl for contig_corrected_v1_1112...
Submitting EDTA.pl for contig_corrected_v1_1113...
Submitting EDTA.pl for contig_corrected_v1_1114...
Submitting EDTA.pl for contig_corrected_v1_1116...
Submitting EDTA.pl for contig_corrected_v1_1117...
Submitting EDTA.pl for contig_corrected_v1_1120...
Submitting EDTA.pl for contig_corrected_v1_1122...
Submitting EDTA.pl for contig_corrected_v1_1124...
Submitting EDTA.pl for contig_corrected_v1_1127...
Submitting EDTA.pl for contig_corrected_v1_1129...
Submitting EDTA.pl for contig_corrected_v1_1130...
Submitting EDTA.pl for contig_corrected_v1_1131...
Submitting EDTA.pl for contig_corrected_v1_1133...
Submitting EDTA.pl for contig_corrected_v1_1134...
Submitting EDTA.pl for contig_corrected_v1_1135...
Submitting EDTA.pl for contig_corrected_v1_1137...
Submitting EDTA.pl for contig_corrected_v1_1138...
Submitting EDTA.pl for contig_corrected_v1_1141...
Submitting EDTA.pl for contig_corrected_v1_1142...
Submitting EDTA.pl for contig_corrected_v1_1143...
Submitting EDTA.pl for contig_corrected_v1_1144...
Submitting EDTA.pl for contig_corrected_v1_1145...
Submitting EDTA.pl for contig_corrected_v1_1146...
Submitting EDTA.pl for contig_corrected_v1_1147...
Submitting EDTA.pl for contig_corrected_v1_1148...
Submitting EDTA.pl for contig_corrected_v1_1149...
Submitting EDTA.pl for contig_corrected_v1_1150...
Submitting EDTA.pl for contig_corrected_v1_1151...
Submitting EDTA.pl for contig_corrected_v1_1152...
Submitting EDTA.pl for contig_corrected_v1_1153...
Submitting EDTA.pl for contig_corrected_v1_1154...
Submitting EDTA.pl for contig_corrected_v1_1155...
Submitting EDTA.pl for contig_corrected_v1_1156...
Submitting EDTA.pl for contig_corrected_v1_1157...
Submitting EDTA.pl for contig_corrected_v1_1158...
Submitting EDTA.pl for contig_corrected_v1_1159...
Submitting EDTA.pl for contig_corrected_v1_1160...
Submitting EDTA.pl for contig_corrected_v1_1161...
Submitting EDTA.pl for contig_corrected_v1_1162...
Submitting EDTA.pl for contig_corrected_v1_1163...
Submitting EDTA.pl for contig_corrected_v1_1164...
Submitting EDTA.pl for contig_corrected_v1_1165...
Submitting EDTA.pl for contig_corrected_v1_1166...
Submitting EDTA.pl for contig_corrected_v1_1167...
Submitting EDTA.pl for contig_corrected_v1_1168...
Submitting EDTA.pl for contig_corrected_v1_1169...
Submitting EDTA.pl for contig_corrected_v1_1170...
Submitting EDTA.pl for contig_corrected_v1_1171...
Submitting EDTA.pl for contig_corrected_v1_1172...
Submitting EDTA.pl for contig_corrected_v1_1173...
Submitting EDTA.pl for contig_corrected_v1_1174...
Submitting EDTA.pl for contig_corrected_v1_1175...
Submitting EDTA.pl for contig_corrected_v1_1176...
Submitting EDTA.pl for contig_corrected_v1_1177...
Submitting EDTA.pl for contig_corrected_v1_1179...
Submitting EDTA.pl for contig_corrected_v1_1180...
Submitting EDTA.pl for contig_corrected_v1_1181...
Submitting EDTA.pl for contig_corrected_v1_1182...
Submitting EDTA.pl for contig_corrected_v1_1183...
Submitting EDTA.pl for contig_corrected_v1_1184...
Submitting EDTA.pl for contig_corrected_v1_1186...
Submitting EDTA.pl for contig_corrected_v1_1187...
Submitting EDTA.pl for contig_corrected_v1_1188...
Submitting EDTA.pl for contig_corrected_v1_1189...
Submitting EDTA.pl for contig_corrected_v1_1190...
Submitting EDTA.pl for contig_corrected_v1_1191...
Submitting EDTA.pl for contig_corrected_v1_1192...
Submitting EDTA.pl for contig_corrected_v1_1193...
Submitting EDTA.pl for contig_corrected_v1_1194...
Submitting EDTA.pl for contig_corrected_v1_1196...
Submitting EDTA.pl for contig_corrected_v1_1197...
Submitting EDTA.pl for contig_corrected_v1_1198...
Submitting EDTA.pl for contig_corrected_v1_1200...
Submitting EDTA.pl for contig_corrected_v1_1201...
Submitting EDTA.pl for contig_corrected_v1_1202...
Submitting EDTA.pl for contig_corrected_v1_1203...
Submitting EDTA.pl for contig_corrected_v1_1204...
Submitting EDTA.pl for contig_corrected_v1_1205...
Submitting EDTA.pl for contig_corrected_v1_1207...
Submitting EDTA.pl for contig_corrected_v1_1208...
Submitting EDTA.pl for contig_corrected_v1_1209...
Submitting EDTA.pl for contig_corrected_v1_1210...
Submitting EDTA.pl for contig_corrected_v1_1211...
Submitting EDTA.pl for contig_corrected_v1_1212...
Submitting EDTA.pl for contig_corrected_v1_1213...
Submitting EDTA.pl for contig_corrected_v1_1214...
Submitting EDTA.pl for contig_corrected_v1_1215...
Submitting EDTA.pl for contig_corrected_v1_1216...
Submitting EDTA.pl for contig_corrected_v1_1217...
Submitting EDTA.pl for contig_corrected_v1_1218...
Submitting EDTA.pl for contig_corrected_v1_1219...
Submitting EDTA.pl for contig_corrected_v1_1220...
Submitting EDTA.pl for contig_corrected_v1_1221...
Submitting EDTA.pl for contig_corrected_v1_1223...
Submitting EDTA.pl for contig_corrected_v1_1224...
Submitting EDTA.pl for contig_corrected_v1_1225...
Submitting EDTA.pl for contig_corrected_v1_1226...
Submitting EDTA.pl for contig_corrected_v1_1227...
Submitting EDTA.pl for contig_corrected_v1_1228...
Submitting EDTA.pl for contig_corrected_v1_1229...
Submitting EDTA.pl for contig_corrected_v1_1230...
Submitting EDTA.pl for contig_corrected_v1_1231...
Submitting EDTA.pl for contig_corrected_v1_1232...
Submitting EDTA.pl for contig_corrected_v1_1233...
Submitting EDTA.pl for contig_corrected_v1_1235...
Submitting EDTA.pl for contig_corrected_v1_1236...
Submitting EDTA.pl for contig_corrected_v1_1237...
Submitting EDTA.pl for contig_corrected_v1_1238...
Submitting EDTA.pl for contig_corrected_v1_1239...
Submitting EDTA.pl for contig_corrected_v1_1240...
Submitting EDTA.pl for contig_corrected_v1_1241...
Submitting EDTA.pl for contig_corrected_v1_1242...
Submitting EDTA.pl for contig_corrected_v1_1243...
Submitting EDTA.pl for contig_corrected_v1_1244...
Submitting EDTA.pl for contig_corrected_v1_1246...
Submitting EDTA.pl for contig_corrected_v1_1247...
Submitting EDTA.pl for contig_corrected_v1_1248...
Submitting EDTA.pl for contig_corrected_v1_1250...
Submitting EDTA.pl for contig_corrected_v1_1251...
Submitting EDTA.pl for contig_corrected_v1_1252...
Submitting EDTA.pl for contig_corrected_v1_1253...
Submitting EDTA.pl for contig_corrected_v1_1254...
Submitting EDTA.pl for contig_corrected_v1_1255...
Submitting EDTA.pl for contig_corrected_v1_1256...
Submitting EDTA.pl for contig_corrected_v1_1257...
Submitting EDTA.pl for contig_corrected_v1_1258...
Submitting EDTA.pl for contig_corrected_v1_1259...
Submitting EDTA.pl for contig_corrected_v1_1260...
Submitting EDTA.pl for contig_corrected_v1_1261...
Submitting EDTA.pl for contig_corrected_v1_1262...
Submitting EDTA.pl for contig_corrected_v1_1263...
Submitting EDTA.pl for contig_corrected_v1_1264...
Submitting EDTA.pl for contig_corrected_v1_1265...
Submitting EDTA.pl for contig_corrected_v1_1266...
Submitting EDTA.pl for contig_corrected_v1_1267...
Submitting EDTA.pl for contig_corrected_v1_1268...
Submitting EDTA.pl for contig_corrected_v1_1269...
Submitting EDTA.pl for contig_corrected_v1_1270...
Submitting EDTA.pl for contig_corrected_v1_1271...
Submitting EDTA.pl for contig_corrected_v1_1272...
Submitting EDTA.pl for contig_corrected_v1_1273...
Submitting EDTA.pl for contig_corrected_v1_1274...
Submitting EDTA.pl for contig_corrected_v1_1275...
Submitting EDTA.pl for contig_corrected_v1_1276...
Submitting EDTA.pl for contig_corrected_v1_1277...
Submitting EDTA.pl for contig_corrected_v1_1278...
Submitting EDTA.pl for contig_corrected_v1_1279...
Submitting EDTA.pl for contig_corrected_v1_1280...
Submitting EDTA.pl for contig_corrected_v1_1281...
Submitting EDTA.pl for contig_corrected_v1_1282...
Submitting EDTA.pl for contig_corrected_v1_1283...
Submitting EDTA.pl for contig_corrected_v1_1284...
Submitting EDTA.pl for contig_corrected_v1_1285...
Submitting EDTA.pl for contig_corrected_v1_1286...
Submitting EDTA.pl for contig_corrected_v1_1287...
Submitting EDTA.pl for contig_corrected_v1_1288...
Submitting EDTA.pl for contig_corrected_v1_1289...
Submitting EDTA.pl for contig_corrected_v1_1290...
Submitting EDTA.pl for contig_corrected_v1_1291...
Submitting EDTA.pl for contig_corrected_v1_1292...
Submitting EDTA.pl for contig_corrected_v1_1293...
Submitting EDTA.pl for contig_corrected_v1_1294...
Submitting EDTA.pl for contig_corrected_v1_1295...
Submitting EDTA.pl for contig_corrected_v1_1296...
Submitting EDTA.pl for contig_corrected_v1_1297...
Submitting EDTA.pl for contig_corrected_v1_1298...
Submitting EDTA.pl for contig_corrected_v1_1299...
Submitting EDTA.pl for contig_corrected_v1_1300...
Submitting EDTA.pl for contig_corrected_v1_1301...
Submitting EDTA.pl for contig_corrected_v1_1302...
Submitting EDTA.pl for contig_corrected_v1_1304...
Submitting EDTA.pl for contig_corrected_v1_1305...
Submitting EDTA.pl for contig_corrected_v1_1306...
Submitting EDTA.pl for contig_corrected_v1_1307...
Submitting EDTA.pl for contig_corrected_v1_1309...
Submitting EDTA.pl for contig_corrected_v1_1310...
Submitting EDTA.pl for contig_corrected_v1_1311...
Submitting EDTA.pl for contig_corrected_v1_1312...
Submitting EDTA.pl for contig_corrected_v1_1313...
Submitting EDTA.pl for contig_corrected_v1_1315...
Submitting EDTA.pl for contig_corrected_v1_1316...
Submitting EDTA.pl for contig_corrected_v1_1317...
Submitting EDTA.pl for contig_corrected_v1_1318...
Submitting EDTA.pl for contig_corrected_v1_1319...
Submitting EDTA.pl for contig_corrected_v1_1320...
Submitting EDTA.pl for contig_corrected_v1_1321...
Submitting EDTA.pl for contig_corrected_v1_1322...
Submitting EDTA.pl for contig_corrected_v1_1323...
Submitting EDTA.pl for contig_corrected_v1_1324...
Submitting EDTA.pl for contig_corrected_v1_1325...
Submitting EDTA.pl for contig_corrected_v1_1326...
Submitting EDTA.pl for contig_corrected_v1_1327...
Submitting EDTA.pl for contig_corrected_v1_1328...
Submitting EDTA.pl for contig_corrected_v1_1329...
Submitting EDTA.pl for contig_corrected_v1_1330...
Submitting EDTA.pl for contig_corrected_v1_1331...
Submitting EDTA.pl for contig_corrected_v1_1332...
Submitting EDTA.pl for contig_corrected_v1_1333...
Submitting EDTA.pl for contig_corrected_v1_1334...
Submitting EDTA.pl for contig_corrected_v1_1335...
Submitting EDTA.pl for contig_corrected_v1_1336...
Submitting EDTA.pl for contig_corrected_v1_1337...
Submitting EDTA.pl for contig_corrected_v1_1338...
Submitting EDTA.pl for contig_corrected_v1_1339...
Submitting EDTA.pl for contig_corrected_v1_1340...
Submitting EDTA.pl for contig_corrected_v1_1341...
Submitting EDTA.pl for contig_corrected_v1_1342...
Submitting EDTA.pl for contig_corrected_v1_1343...
Submitting EDTA.pl for contig_corrected_v1_1344...
Submitting EDTA.pl for contig_corrected_v1_1345...
Submitting EDTA.pl for contig_corrected_v1_1346...
Submitting EDTA.pl for contig_corrected_v1_1347...
Submitting EDTA.pl for contig_corrected_v1_1348...
Submitting EDTA.pl for contig_corrected_v1_1349...
Submitting EDTA.pl for contig_corrected_v1_1350...
Submitting EDTA.pl for contig_corrected_v1_1351...
Submitting EDTA.pl for contig_corrected_v1_1352...
Submitting EDTA.pl for contig_corrected_v1_1353...
Submitting EDTA.pl for contig_corrected_v1_1354...
Submitting EDTA.pl for contig_corrected_v1_1355...
Submitting EDTA.pl for contig_corrected_v1_1356...
Submitting EDTA.pl for contig_corrected_v1_1357...
Submitting EDTA.pl for contig_corrected_v1_1358...
Submitting EDTA.pl for contig_corrected_v1_1359...
Submitting EDTA.pl for contig_corrected_v1_1360...
Submitting EDTA.pl for contig_corrected_v1_1361...
Submitting EDTA.pl for contig_corrected_v1_1362...
Submitting EDTA.pl for contig_corrected_v1_1363...
Submitting EDTA.pl for contig_corrected_v1_1364...
Submitting EDTA.pl for contig_corrected_v1_1365...
Submitting EDTA.pl for contig_corrected_v1_1366...
Submitting EDTA.pl for contig_corrected_v1_1367...
Submitting EDTA.pl for contig_corrected_v1_1368...
Submitting EDTA.pl for contig_corrected_v1_1369...
Submitting EDTA.pl for contig_corrected_v1_1370...
Submitting EDTA.pl for contig_corrected_v1_1371...
Submitting EDTA.pl for contig_corrected_v1_1372...
Submitting EDTA.pl for contig_corrected_v1_1373...
Submitting EDTA.pl for contig_corrected_v1_1374...
Submitting EDTA.pl for contig_corrected_v1_1375...
Submitting EDTA.pl for contig_corrected_v1_1376...
Submitting EDTA.pl for contig_corrected_v1_1377...
Submitting EDTA.pl for contig_corrected_v1_1378...
Submitting EDTA.pl for contig_corrected_v1_1379...
Submitting EDTA.pl for contig_corrected_v1_1380...
Submitting EDTA.pl for contig_corrected_v1_1381...
Submitting EDTA.pl for contig_corrected_v1_1382...
Submitting EDTA.pl for contig_corrected_v1_1383...
Submitting EDTA.pl for contig_corrected_v1_1384...
Submitting EDTA.pl for contig_corrected_v1_1385...
Submitting EDTA.pl for contig_corrected_v1_1386...
Submitting EDTA.pl for contig_corrected_v1_1387...
Submitting EDTA.pl for contig_corrected_v1_1388...
Submitting EDTA.pl for contig_corrected_v1_1389...
Submitting EDTA.pl for contig_corrected_v1_1390...
Submitting EDTA.pl for contig_corrected_v1_1391...
Submitting EDTA.pl for contig_corrected_v1_1392...
Submitting EDTA.pl for contig_corrected_v1_1393...
Submitting EDTA.pl for contig_corrected_v1_1394...
Submitting EDTA.pl for contig_corrected_v1_1395...
Submitting EDTA.pl for contig_corrected_v1_1396...
Submitting EDTA.pl for contig_corrected_v1_1397...
Submitting EDTA.pl for contig_corrected_v1_1398...
Submitting EDTA.pl for contig_corrected_v1_1399...
Submitting EDTA.pl for contig_corrected_v1_1400...
Submitting EDTA.pl for contig_corrected_v1_1401...
Submitting EDTA.pl for contig_corrected_v1_1402...
Submitting EDTA.pl for contig_corrected_v1_1403...
Submitting EDTA.pl for contig_corrected_v1_1404...
Submitting EDTA.pl for contig_corrected_v1_1405...
Submitting EDTA.pl for contig_corrected_v1_1406...
Submitting EDTA.pl for contig_corrected_v1_1407...
Submitting EDTA.pl for contig_corrected_v1_1408...
Submitting EDTA.pl for contig_corrected_v1_1409...
Submitting EDTA.pl for contig_corrected_v1_1410...
Submitting EDTA.pl for contig_corrected_v1_1411...
Submitting EDTA.pl for contig_corrected_v1_1412...
Submitting EDTA.pl for contig_corrected_v1_1413...
Submitting EDTA.pl for contig_corrected_v1_1414...
Submitting EDTA.pl for contig_corrected_v1_1415...
Submitting EDTA.pl for contig_corrected_v1_1416...
Submitting EDTA.pl for contig_corrected_v1_1417...
Submitting EDTA.pl for contig_corrected_v1_1418...
Submitting EDTA.pl for contig_corrected_v1_1419...
Submitting EDTA.pl for contig_corrected_v1_1420...
Submitting EDTA.pl for contig_corrected_v1_1421...
Submitting EDTA.pl for contig_corrected_v1_1422...
Submitting EDTA.pl for contig_corrected_v1_1423...
Submitting EDTA.pl for contig_corrected_v1_1424...
Submitting EDTA.pl for contig_corrected_v1_1425...
Submitting EDTA.pl for contig_corrected_v1_1426...
Submitting EDTA.pl for contig_corrected_v1_1427...
Submitting EDTA.pl for contig_corrected_v1_1428...
Submitting EDTA.pl for contig_corrected_v1_1429...
Submitting EDTA.pl for contig_corrected_v1_1430...
Submitting EDTA.pl for contig_corrected_v1_1431...
Submitting EDTA.pl for contig_corrected_v1_1432...
Submitting EDTA.pl for contig_corrected_v1_1433...
Submitting EDTA.pl for contig_corrected_v1_1434...
Submitting EDTA.pl for contig_corrected_v1_1435...
Submitting EDTA.pl for contig_corrected_v1_1436...
Submitting EDTA.pl for contig_corrected_v1_1437...
Submitting EDTA.pl for contig_corrected_v1_1438...
Submitting EDTA.pl for contig_corrected_v1_1439...
Submitting EDTA.pl for contig_corrected_v1_1440...
Submitting EDTA.pl for contig_corrected_v1_1441...
Submitting EDTA.pl for contig_corrected_v1_1442...
Submitting EDTA.pl for contig_corrected_v1_1443...
Submitting EDTA.pl for contig_corrected_v1_1444...
Submitting EDTA.pl for contig_corrected_v1_1445...
Submitting EDTA.pl for contig_corrected_v1_1446...
Submitting EDTA.pl for contig_corrected_v1_1447...
Submitting EDTA.pl for contig_corrected_v1_1448...
Submitting EDTA.pl for contig_corrected_v1_1449...
Submitting EDTA.pl for contig_corrected_v1_1450...
Submitting EDTA.pl for contig_corrected_v1_1451...
Submitting EDTA.pl for contig_corrected_v1_1452...
Submitting EDTA.pl for contig_corrected_v1_1453...
Submitting EDTA.pl for contig_corrected_v1_1454...
Submitting EDTA.pl for contig_corrected_v1_1455...
Submitting EDTA.pl for contig_corrected_v1_1456...
Submitting EDTA.pl for contig_corrected_v1_1457...
Submitting EDTA.pl for contig_corrected_v1_1458...
Submitting EDTA.pl for contig_corrected_v1_1459...
Submitting EDTA.pl for contig_corrected_v1_1460...
Submitting EDTA.pl for contig_corrected_v1_1461...
Submitting EDTA.pl for contig_corrected_v1_1462...
Submitting EDTA.pl for contig_corrected_v1_1463...
Submitting EDTA.pl for contig_corrected_v1_1464...
Submitting EDTA.pl for contig_corrected_v1_1465...
Submitting EDTA.pl for contig_corrected_v1_1466...
Submitting EDTA.pl for contig_corrected_v1_1467...
Submitting EDTA.pl for contig_corrected_v1_1468...
Submitting EDTA.pl for contig_corrected_v1_1469...
Submitting EDTA.pl for contig_corrected_v1_1470...
Submitting EDTA.pl for contig_corrected_v1_1471...
Submitting EDTA.pl for contig_corrected_v1_1472...
Submitting EDTA.pl for contig_corrected_v1_1473...
Submitting EDTA.pl for contig_corrected_v1_1474...
Submitting EDTA.pl for contig_corrected_v1_1475...
Submitting EDTA.pl for contig_corrected_v1_1476...
Submitting EDTA.pl for contig_corrected_v1_1477...
Submitting EDTA.pl for contig_corrected_v1_1478...
Submitting EDTA.pl for contig_corrected_v1_1479...
Submitting EDTA.pl for contig_corrected_v1_1480...
Submitting EDTA.pl for contig_corrected_v1_1481...
Submitting EDTA.pl for contig_corrected_v1_1482...
Submitting EDTA.pl for contig_corrected_v1_1483...
Submitting EDTA.pl for contig_corrected_v1_1484...
Submitting EDTA.pl for contig_corrected_v1_1485...
Submitting EDTA.pl for contig_corrected_v1_1486...
Submitting EDTA.pl for contig_corrected_v1_1487...
Submitting EDTA.pl for contig_corrected_v1_1488...
Submitting EDTA.pl for contig_corrected_v1_1489...
Submitting EDTA.pl for contig_corrected_v1_1490...
Submitting EDTA.pl for contig_corrected_v1_1491...
Submitting EDTA.pl for contig_corrected_v1_1492...
Submitting EDTA.pl for contig_corrected_v1_1493...
Submitting EDTA.pl for contig_corrected_v1_1494...
Submitting EDTA.pl for contig_corrected_v1_1495...
Submitting EDTA.pl for contig_corrected_v1_1496...
Submitting EDTA.pl for contig_corrected_v1_1497...
Submitting EDTA.pl for contig_corrected_v1_1498...
Submitting EDTA.pl for contig_corrected_v1_1499...
Submitting EDTA.pl for contig_corrected_v1_1500...
Submitting EDTA.pl for contig_corrected_v1_1501...
Submitting EDTA.pl for contig_corrected_v1_1502...
Submitting EDTA.pl for contig_corrected_v1_1503...
Submitting EDTA.pl for contig_corrected_v1_1504...
Submitting EDTA.pl for contig_corrected_v1_1505...
Submitting EDTA.pl for contig_corrected_v1_1506...
Submitting EDTA.pl for contig_corrected_v1_1507...
Submitting EDTA.pl for contig_corrected_v1_1508...
Submitting EDTA.pl for contig_corrected_v1_1509...
Submitting EDTA.pl for contig_corrected_v1_1510...
Submitting EDTA.pl for contig_corrected_v1_1511...
Submitting EDTA.pl for contig_corrected_v1_1512...
Submitting EDTA.pl for contig_corrected_v1_1513...
Submitting EDTA.pl for contig_corrected_v1_1514...
Submitting EDTA.pl for contig_corrected_v1_1515...
Submitting EDTA.pl for contig_corrected_v1_1516...
Submitting EDTA.pl for contig_corrected_v1_1517...
Submitting EDTA.pl for contig_corrected_v1_1518...
Submitting EDTA.pl for contig_corrected_v1_1519...
Submitting EDTA.pl for contig_corrected_v1_1520...
Submitting EDTA.pl for contig_corrected_v1_1521...
Submitting EDTA.pl for contig_corrected_v1_1522...
Submitting EDTA.pl for contig_corrected_v1_1523...
Submitting EDTA.pl for contig_corrected_v1_1524...
Submitting EDTA.pl for contig_corrected_v1_1525...
Submitting EDTA.pl for contig_corrected_v1_1526...
Submitting EDTA.pl for contig_corrected_v1_1527...
Submitting EDTA.pl for contig_corrected_v1_1528...
Submitting EDTA.pl for contig_corrected_v1_1529...
Submitting EDTA.pl for contig_corrected_v1_1530...
Submitting EDTA.pl for contig_corrected_v1_1531...
Submitting EDTA.pl for contig_corrected_v1_1532...
Submitting EDTA.pl for contig_corrected_v1_1533...
Submitting EDTA.pl for contig_corrected_v1_1534...
Submitting EDTA.pl for contig_corrected_v1_1535...
Submitting EDTA.pl for contig_corrected_v1_1536...
Submitting EDTA.pl for contig_corrected_v1_1537...
Submitting EDTA.pl for contig_corrected_v1_1538...
Submitting EDTA.pl for contig_corrected_v1_1539...
Submitting EDTA.pl for contig_corrected_v1_1540...
Submitting EDTA.pl for contig_corrected_v1_1541...
Submitting EDTA.pl for contig_corrected_v1_1542...
Submitting EDTA.pl for contig_corrected_v1_1543...
Submitting EDTA.pl for contig_corrected_v1_1544...
Submitting EDTA.pl for contig_corrected_v1_1545...
Submitting EDTA.pl for contig_corrected_v1_1546...
Submitting EDTA.pl for contig_corrected_v1_1547...
Submitting EDTA.pl for contig_corrected_v1_1548...
Submitting EDTA.pl for contig_corrected_v1_1549...
Submitting EDTA.pl for contig_corrected_v1_1550...
Submitting EDTA.pl for contig_corrected_v1_1551...
Submitting EDTA.pl for contig_corrected_v1_1552...
Submitting EDTA.pl for contig_corrected_v1_1553...
Submitting EDTA.pl for contig_corrected_v1_1554...
Submitting EDTA.pl for contig_corrected_v1_1555...
Submitting EDTA.pl for contig_corrected_v1_1556...
Submitting EDTA.pl for contig_corrected_v1_1557...
Submitting EDTA.pl for contig_corrected_v1_1558...
Submitting EDTA.pl for contig_corrected_v1_1559...
Submitting EDTA.pl for contig_corrected_v1_1560...
Submitting EDTA.pl for contig_corrected_v1_1561...
Submitting EDTA.pl for contig_corrected_v1_1562...
Submitting EDTA.pl for contig_corrected_v1_1563...
Submitting EDTA.pl for contig_corrected_v1_1564...
Submitting EDTA.pl for contig_corrected_v1_1565...
Submitting EDTA.pl for contig_corrected_v1_1566...
Submitting EDTA.pl for contig_corrected_v1_1567...
Submitting EDTA.pl for contig_corrected_v1_1568...
Submitting EDTA.pl for contig_corrected_v1_1569...
Submitting EDTA.pl for contig_corrected_v1_1570...
Submitting EDTA.pl for contig_corrected_v1_1571...
Submitting EDTA.pl for contig_corrected_v1_1572...
Submitting EDTA.pl for contig_corrected_v1_1573...
Submitting EDTA.pl for contig_corrected_v1_1574...
Submitting EDTA.pl for contig_corrected_v1_1575...
Submitting EDTA.pl for contig_corrected_v1_1576...
Submitting EDTA.pl for contig_corrected_v1_1577...
Submitting EDTA.pl for contig_corrected_v1_1578...
Submitting EDTA.pl for contig_corrected_v1_1579...
Submitting EDTA.pl for contig_corrected_v1_1580...
Submitting EDTA.pl for contig_corrected_v1_1581...
Submitting EDTA.pl for contig_corrected_v1_1582...
Submitting EDTA.pl for contig_corrected_v1_1583...
Submitting EDTA.pl for contig_corrected_v1_1584...
Submitting EDTA.pl for contig_corrected_v1_1585...
Submitting EDTA.pl for contig_corrected_v1_1586...
Submitting EDTA.pl for contig_corrected_v1_1587...
Submitting EDTA.pl for contig_corrected_v1_1588...
Submitting EDTA.pl for contig_corrected_v1_1589...
Submitting EDTA.pl for contig_corrected_v1_1590...
Submitting EDTA.pl for contig_corrected_v1_1591...
Submitting EDTA.pl for contig_corrected_v1_1592...
Submitting EDTA.pl for contig_corrected_v1_1593...
Submitting EDTA.pl for contig_corrected_v1_1594...
Submitting EDTA.pl for contig_corrected_v1_1595...
Submitting EDTA.pl for contig_corrected_v1_1596...
Submitting EDTA.pl for contig_corrected_v1_1597...
Submitting EDTA.pl for contig_corrected_v1_1598...
Submitting EDTA.pl for contig_corrected_v1_1599...
Submitting EDTA.pl for contig_corrected_v1_1600...
Submitting EDTA.pl for contig_corrected_v1_1601...
Submitting EDTA.pl for contig_corrected_v1_1602...
Submitting EDTA.pl for contig_corrected_v1_1603...
Submitting EDTA.pl for contig_corrected_v1_1604...
Submitting EDTA.pl for contig_corrected_v1_1605...
Submitting EDTA.pl for contig_corrected_v1_1606...
Submitting EDTA.pl for contig_corrected_v1_1607...
Submitting EDTA.pl for contig_corrected_v1_1608...
Submitting EDTA.pl for contig_corrected_v1_1609...
Submitting EDTA.pl for contig_corrected_v1_1610...
Submitting EDTA.pl for contig_corrected_v1_1611...
Submitting EDTA.pl for contig_corrected_v1_1612...
Submitting EDTA.pl for contig_corrected_v1_1614...
Submitting EDTA.pl for contig_corrected_v1_1615...
Submitting EDTA.pl for contig_corrected_v1_1616...
Submitting EDTA.pl for contig_corrected_v1_1617...
Submitting EDTA.pl for contig_corrected_v1_1618...
Submitting EDTA.pl for contig_corrected_v1_1619...
Submitting EDTA.pl for contig_corrected_v1_1620...
Submitting EDTA.pl for contig_corrected_v1_1621...
Submitting EDTA.pl for contig_corrected_v1_1622...
Submitting EDTA.pl for contig_corrected_v1_1623...
Submitting EDTA.pl for contig_corrected_v1_1624...
Submitting EDTA.pl for contig_corrected_v1_1625...
Submitting EDTA.pl for contig_corrected_v1_1626...
Submitting EDTA.pl for contig_corrected_v1_1627...
Submitting EDTA.pl for contig_corrected_v1_1628...
Submitting EDTA.pl for contig_corrected_v1_1629...
Submitting EDTA.pl for contig_corrected_v1_1630...
Submitting EDTA.pl for contig_corrected_v1_1631...
Submitting EDTA.pl for contig_corrected_v1_1632...
Submitting EDTA.pl for contig_corrected_v1_1633...
Submitting EDTA.pl for contig_corrected_v1_1634...
Submitting EDTA.pl for contig_corrected_v1_1635...
Submitting EDTA.pl for contig_corrected_v1_1636...
Submitting EDTA.pl for contig_corrected_v1_1637...
Submitting EDTA.pl for contig_corrected_v1_1638...
Submitting EDTA.pl for contig_corrected_v1_1639...
Submitting EDTA.pl for contig_corrected_v1_1640...
Submitting EDTA.pl for contig_corrected_v1_1641...
Submitting EDTA.pl for contig_corrected_v1_1642...
Submitting EDTA.pl for contig_corrected_v1_1643...
Submitting EDTA.pl for contig_corrected_v1_1644...
Submitting EDTA.pl for contig_corrected_v1_1645...
Submitting EDTA.pl for contig_corrected_v1_1646...
Submitting EDTA.pl for contig_corrected_v1_1647...
Submitting EDTA.pl for contig_corrected_v1_1648...
Submitting EDTA.pl for contig_corrected_v1_1649...
Submitting EDTA.pl for contig_corrected_v1_1650...
Submitting EDTA.pl for contig_corrected_v1_1651...
Submitting EDTA.pl for contig_corrected_v1_1652...
Submitting EDTA.pl for contig_corrected_v1_1653...
Submitting EDTA.pl for contig_corrected_v1_1654...
Submitting EDTA.pl for contig_corrected_v1_1655...
Submitting EDTA.pl for contig_corrected_v1_1656...
Submitting EDTA.pl for contig_corrected_v1_1657...
Submitting EDTA.pl for contig_corrected_v1_1658...
Submitting EDTA.pl for contig_corrected_v1_1659...
Submitting EDTA.pl for contig_corrected_v1_1660...
Submitting EDTA.pl for contig_corrected_v1_1661...
Submitting EDTA.pl for contig_corrected_v1_1662...
Submitting EDTA.pl for contig_corrected_v1_1663...
Submitting EDTA.pl for contig_corrected_v1_1664...
Submitting EDTA.pl for contig_corrected_v1_1665...
Submitting EDTA.pl for contig_corrected_v1_1666...
Submitting EDTA.pl for contig_corrected_v1_1667...
Submitting EDTA.pl for contig_corrected_v1_1668...
Submitting EDTA.pl for contig_corrected_v1_1669...
Submitting EDTA.pl for contig_corrected_v1_1670...
Submitting EDTA.pl for contig_corrected_v1_1671...
Submitting EDTA.pl for contig_corrected_v1_1672...
Submitting EDTA.pl for contig_corrected_v1_1673...
Submitting EDTA.pl for contig_corrected_v1_1674...
Submitting EDTA.pl for contig_corrected_v1_1675...
Submitting EDTA.pl for contig_corrected_v1_1676...
Submitting EDTA.pl for contig_corrected_v1_1677...
Submitting EDTA.pl for contig_corrected_v1_1678...
Submitting EDTA.pl for contig_corrected_v1_1679...
Submitting EDTA.pl for contig_corrected_v1_1680...
Submitting EDTA.pl for contig_corrected_v1_1681...
Submitting EDTA.pl for contig_corrected_v1_1682...
Submitting EDTA.pl for contig_corrected_v1_1683...
Submitting EDTA.pl for contig_corrected_v1_1684...
Submitting EDTA.pl for contig_corrected_v1_1685...
Submitting EDTA.pl for contig_corrected_v1_1686...
Submitting EDTA.pl for contig_corrected_v1_1687...
Submitting EDTA.pl for contig_corrected_v1_1688...
Submitting EDTA.pl for contig_corrected_v1_1689...
Submitting EDTA.pl for contig_corrected_v1_1690...
Submitting EDTA.pl for contig_corrected_v1_1691...
Submitting EDTA.pl for contig_corrected_v1_1692...
Submitting EDTA.pl for contig_corrected_v1_1693...
Submitting EDTA.pl for contig_corrected_v1_1694...
Submitting EDTA.pl for contig_corrected_v1_1695...
Submitting EDTA.pl for contig_corrected_v1_1696...
Submitting EDTA.pl for contig_corrected_v1_1697...
Submitting EDTA.pl for contig_corrected_v1_1698...
Submitting EDTA.pl for contig_corrected_v1_1699...
Submitting EDTA.pl for contig_corrected_v1_1700...
Submitting EDTA.pl for contig_corrected_v1_1701...
Submitting EDTA.pl for contig_corrected_v1_1702...
Submitting EDTA.pl for contig_corrected_v1_1703...
Submitting EDTA.pl for contig_corrected_v1_1704...
Submitting EDTA.pl for contig_corrected_v1_1705...
Submitting EDTA.pl for contig_corrected_v1_1706...
Submitting EDTA.pl for contig_corrected_v1_1707...
Submitting EDTA.pl for contig_corrected_v1_1708...
Submitting EDTA.pl for contig_corrected_v1_1709...
Submitting EDTA.pl for contig_corrected_v1_1710...
Submitting EDTA.pl for contig_corrected_v1_1711...
Submitting EDTA.pl for contig_corrected_v1_1712...
Submitting EDTA.pl for contig_corrected_v1_1713...
Submitting EDTA.pl for contig_corrected_v1_1714...
Submitting EDTA.pl for contig_corrected_v1_1715...
Submitting EDTA.pl for contig_corrected_v1_1716...
Submitting EDTA.pl for contig_corrected_v1_1717...
Submitting EDTA.pl for contig_corrected_v1_1718...
Submitting EDTA.pl for contig_corrected_v1_1719...
Submitting EDTA.pl for contig_corrected_v1_1720...
Submitting EDTA.pl for contig_corrected_v1_1721...
Submitting EDTA.pl for contig_corrected_v1_1722...
Submitting EDTA.pl for contig_corrected_v1_1723...
Submitting EDTA.pl for contig_corrected_v1_1724...
Submitting EDTA.pl for contig_corrected_v1_1725...
Submitting EDTA.pl for contig_corrected_v1_1726...
Submitting EDTA.pl for contig_corrected_v1_1727...
Submitting EDTA.pl for contig_corrected_v1_1728...
Submitting EDTA.pl for contig_corrected_v1_1729...
Submitting EDTA.pl for contig_corrected_v1_1730...
Submitting EDTA.pl for contig_corrected_v1_1731...
Submitting EDTA.pl for contig_corrected_v1_1732...
Submitting EDTA.pl for contig_corrected_v1_1733...
Submitting EDTA.pl for contig_corrected_v1_1734...
Submitting EDTA.pl for contig_corrected_v1_1735...
Submitting EDTA.pl for contig_corrected_v1_1736...
Submitting EDTA.pl for contig_corrected_v1_1737...
Submitting EDTA.pl for contig_corrected_v1_1738...
Submitting EDTA.pl for contig_corrected_v1_1739...
Submitting EDTA.pl for contig_corrected_v1_1740...
Submitting EDTA.pl for contig_corrected_v1_1741...
Submitting EDTA.pl for contig_corrected_v1_1742...
Submitting EDTA.pl for contig_corrected_v1_1743...
Submitting EDTA.pl for contig_corrected_v1_1744...
Submitting EDTA.pl for contig_corrected_v1_1745...
Submitting EDTA.pl for contig_corrected_v1_1746...
Submitting EDTA.pl for contig_corrected_v1_1747...
Submitting EDTA.pl for contig_corrected_v1_1748...
Submitting EDTA.pl for contig_corrected_v1_1749...
Submitting EDTA.pl for contig_corrected_v1_1750...
Submitting EDTA.pl for contig_corrected_v1_1751...
Submitting EDTA.pl for contig_corrected_v1_1752...
Submitting EDTA.pl for contig_corrected_v1_1753...
Submitting EDTA.pl for contig_corrected_v1_1754...
Submitting EDTA.pl for contig_corrected_v1_1755...
Submitting EDTA.pl for contig_corrected_v1_1756...
Submitting EDTA.pl for contig_corrected_v1_1757...
Submitting EDTA.pl for contig_corrected_v1_1758...
Submitting EDTA.pl for contig_corrected_v1_1759...
Submitting EDTA.pl for contig_corrected_v1_1760...
Submitting EDTA.pl for contig_corrected_v1_1761...
Submitting EDTA.pl for contig_corrected_v1_1762...
Submitting EDTA.pl for contig_corrected_v1_1763...
Submitting EDTA.pl for contig_corrected_v1_1764...
Submitting EDTA.pl for contig_corrected_v1_1765...
Submitting EDTA.pl for contig_corrected_v1_1766...
Submitting EDTA.pl for contig_corrected_v1_1767...
Submitting EDTA.pl for contig_corrected_v1_1768...
Submitting EDTA.pl for contig_corrected_v1_1769...
Submitting EDTA.pl for contig_corrected_v1_1770...
Submitting EDTA.pl for contig_corrected_v1_1771...
Submitting EDTA.pl for contig_corrected_v1_1772...
Submitting EDTA.pl for contig_corrected_v1_1773...
Submitting EDTA.pl for contig_corrected_v1_1774...
Submitting EDTA.pl for contig_corrected_v1_1775...
Submitting EDTA.pl for contig_corrected_v1_1776...
Submitting EDTA.pl for contig_corrected_v1_1777...
Submitting EDTA.pl for contig_corrected_v1_1778...
Submitting EDTA.pl for contig_corrected_v1_1779...
Submitting EDTA.pl for contig_corrected_v1_1780...
Submitting EDTA.pl for contig_corrected_v1_1781...
Submitting EDTA.pl for contig_corrected_v1_1782...
Submitting EDTA.pl for contig_corrected_v1_1783...
Submitting EDTA.pl for contig_corrected_v1_1784...
Submitting EDTA.pl for contig_corrected_v1_1785...
Submitting EDTA.pl for contig_corrected_v1_1786...
Submitting EDTA.pl for contig_corrected_v1_1787...
Submitting EDTA.pl for contig_corrected_v1_1788...
Submitting EDTA.pl for contig_corrected_v1_1789...
Submitting EDTA.pl for contig_corrected_v1_1790...
Submitting EDTA.pl for contig_corrected_v1_1791...
Submitting EDTA.pl for contig_corrected_v1_1792...
Submitting EDTA.pl for contig_corrected_v1_1793...
Submitting EDTA.pl for contig_corrected_v1_1794...
Submitting EDTA.pl for contig_corrected_v1_1795...
Submitting EDTA.pl for contig_corrected_v1_1796...
Submitting EDTA.pl for contig_corrected_v1_1797...
Submitting EDTA.pl for contig_corrected_v1_1798...
Submitting EDTA.pl for contig_corrected_v1_1799...
Submitting EDTA.pl for contig_corrected_v1_1800...
Submitting EDTA.pl for contig_corrected_v1_1801...
Submitting EDTA.pl for contig_corrected_v1_1802...
Submitting EDTA.pl for contig_corrected_v1_1803...
Submitting EDTA.pl for contig_corrected_v1_1804...
Submitting EDTA.pl for contig_corrected_v1_1805...
Submitting EDTA.pl for contig_corrected_v1_1806...
Submitting EDTA.pl for contig_corrected_v1_1807...
Submitting EDTA.pl for contig_corrected_v1_1808...
Submitting EDTA.pl for contig_corrected_v1_1809...
Submitting EDTA.pl for contig_corrected_v1_1810...
Submitting EDTA.pl for contig_corrected_v1_1811...
Submitting EDTA.pl for contig_corrected_v1_1812...
Submitting EDTA.pl for contig_corrected_v1_1813...
Submitting EDTA.pl for contig_corrected_v1_1814...
Submitting EDTA.pl for contig_corrected_v1_1815...
Submitting EDTA.pl for contig_corrected_v1_1816...
Submitting EDTA.pl for contig_corrected_v1_1817...
Submitting EDTA.pl for contig_corrected_v1_1818...
Submitting EDTA.pl for contig_corrected_v1_1819...
Submitting EDTA.pl for contig_corrected_v1_1820...
Submitting EDTA.pl for contig_corrected_v1_1821...
Submitting EDTA.pl for contig_corrected_v1_1822...
Submitting EDTA.pl for contig_corrected_v1_1823...
Submitting EDTA.pl for contig_corrected_v1_1824...
Submitting EDTA.pl for contig_corrected_v1_1825...
Submitting EDTA.pl for contig_corrected_v1_1826...
Submitting EDTA.pl for contig_corrected_v1_1827...
Submitting EDTA.pl for contig_corrected_v1_1828...
Submitting EDTA.pl for contig_corrected_v1_1829...
Submitting EDTA.pl for contig_corrected_v1_1830...
Submitting EDTA.pl for contig_corrected_v1_1831...
Submitting EDTA.pl for contig_corrected_v1_1832...
Submitting EDTA.pl for contig_corrected_v1_1833...
Submitting EDTA.pl for contig_corrected_v1_1834...
Submitting EDTA.pl for contig_corrected_v1_1835...
Submitting EDTA.pl for contig_corrected_v1_1836...
Submitting EDTA.pl for contig_corrected_v1_1837...
Submitting EDTA.pl for contig_corrected_v1_1838...
Submitting EDTA.pl for contig_corrected_v1_1839...
Submitting EDTA.pl for contig_corrected_v1_1840...
Submitting EDTA.pl for contig_corrected_v1_1841...
Submitting EDTA.pl for contig_corrected_v1_1842...
Submitting EDTA.pl for contig_corrected_v1_1843...
Submitting EDTA.pl for contig_corrected_v1_1844...
Submitting EDTA.pl for contig_corrected_v1_1845...
Submitting EDTA.pl for contig_corrected_v1_1846...
Submitting EDTA.pl for contig_corrected_v1_1847...
Submitting EDTA.pl for contig_corrected_v1_1848...
Submitting EDTA.pl for contig_corrected_v1_1849...
Submitting EDTA.pl for contig_corrected_v1_1850...
Submitting EDTA.pl for contig_corrected_v1_1851...
Submitting EDTA.pl for contig_corrected_v1_1852...
Submitting EDTA.pl for contig_corrected_v1_1853...
Submitting EDTA.pl for contig_corrected_v1_1854...
Submitting EDTA.pl for contig_corrected_v1_1855...
Submitting EDTA.pl for contig_corrected_v1_1856...
Submitting EDTA.pl for contig_corrected_v1_1857...
Submitting EDTA.pl for contig_corrected_v1_1858...
Submitting EDTA.pl for contig_corrected_v1_1859...
Submitting EDTA.pl for contig_corrected_v1_1860...
Submitting EDTA.pl for contig_corrected_v1_1861...
Submitting EDTA.pl for contig_corrected_v1_1862...
Submitting EDTA.pl for contig_corrected_v1_1863...
Submitting EDTA.pl for contig_corrected_v1_1864...
Submitting EDTA.pl for contig_corrected_v1_1865...
Submitting EDTA.pl for contig_corrected_v1_1866...
Submitting EDTA.pl for contig_corrected_v1_1867...
Submitting EDTA.pl for contig_corrected_v1_1868...
Submitting EDTA.pl for contig_corrected_v1_1869...
Submitting EDTA.pl for contig_corrected_v1_1870...
Submitting EDTA.pl for contig_corrected_v1_1871...
Submitting EDTA.pl for contig_corrected_v1_1872...
Submitting EDTA.pl for contig_corrected_v1_1873...
Submitting EDTA.pl for contig_corrected_v1_1874...
Submitting EDTA.pl for contig_corrected_v1_1875...
Submitting EDTA.pl for contig_corrected_v1_1876...
Submitting EDTA.pl for contig_corrected_v1_1877...
Submitting EDTA.pl for contig_corrected_v1_1878...
Submitting EDTA.pl for contig_corrected_v1_1879...
Submitting EDTA.pl for contig_corrected_v1_1880...
Submitting EDTA.pl for contig_corrected_v1_1881...
Submitting EDTA.pl for contig_corrected_v1_1882...
Submitting EDTA.pl for contig_corrected_v1_1883...
Submitting EDTA.pl for contig_corrected_v1_1884...
Submitting EDTA.pl for contig_corrected_v1_1885...
Submitting EDTA.pl for contig_corrected_v1_1886...
Submitting EDTA.pl for contig_corrected_v1_1887...
Submitting EDTA.pl for contig_corrected_v1_1888...
Submitting EDTA.pl for contig_corrected_v1_1889...
Submitting EDTA.pl for contig_corrected_v1_1890...
Submitting EDTA.pl for contig_corrected_v1_1891...
Submitting EDTA.pl for contig_corrected_v1_1892...
Submitting EDTA.pl for contig_corrected_v1_1893...
Submitting EDTA.pl for contig_corrected_v1_1894...
Submitting EDTA.pl for contig_corrected_v1_1895...
Submitting EDTA.pl for contig_corrected_v1_1896...
Submitting EDTA.pl for contig_corrected_v1_1897...
Submitting EDTA.pl for contig_corrected_v1_1898...
Submitting EDTA.pl for contig_corrected_v1_1899...
Submitting EDTA.pl for contig_corrected_v1_1900...
Submitting EDTA.pl for contig_corrected_v1_1901...
Submitting EDTA.pl for contig_corrected_v1_1902...
Submitting EDTA.pl for contig_corrected_v1_1903...
Submitting EDTA.pl for contig_corrected_v1_1904...
Submitting EDTA.pl for contig_corrected_v1_1905...
Submitting EDTA.pl for contig_corrected_v1_1906...
Submitting EDTA.pl for contig_corrected_v1_1907...
Submitting EDTA.pl for contig_corrected_v1_1908...
Submitting EDTA.pl for contig_corrected_v1_1909...
Submitting EDTA.pl for contig_corrected_v1_1910...
Submitting EDTA.pl for contig_corrected_v1_1911...
Submitting EDTA.pl for contig_corrected_v1_1912...
Submitting EDTA.pl for contig_corrected_v1_1913...
Submitting EDTA.pl for contig_corrected_v1_1914...
Submitting EDTA.pl for contig_corrected_v1_1915...
Submitting EDTA.pl for contig_corrected_v1_1916...
Submitting EDTA.pl for contig_corrected_v1_1917...
Submitting EDTA.pl for contig_corrected_v1_1918...
Submitting EDTA.pl for contig_corrected_v1_1919...
Submitting EDTA.pl for contig_corrected_v1_1920...
Submitting EDTA.pl for contig_corrected_v1_1921...
Submitting EDTA.pl for contig_corrected_v1_1922...
Submitting EDTA.pl for contig_corrected_v1_1923...
Submitting EDTA.pl for contig_corrected_v1_1924...
Submitting EDTA.pl for contig_corrected_v1_1925...
Submitting EDTA.pl for contig_corrected_v1_1926...
Submitting EDTA.pl for contig_corrected_v1_1927...
Submitting EDTA.pl for contig_corrected_v1_1928...
Submitting EDTA.pl for contig_corrected_v1_1929...
Submitting EDTA.pl for contig_corrected_v1_1930...
Submitting EDTA.pl for contig_corrected_v1_1931...
Submitting EDTA.pl for contig_corrected_v1_1932...
Submitting EDTA.pl for contig_corrected_v1_1933...
Submitting EDTA.pl for contig_corrected_v1_1934...
Submitting EDTA.pl for contig_corrected_v1_1935...
Submitting EDTA.pl for contig_corrected_v1_1936...
Submitting EDTA.pl for contig_corrected_v1_1937...
Submitting EDTA.pl for contig_corrected_v1_1938...
Submitting EDTA.pl for contig_corrected_v1_1939...
Submitting EDTA.pl for contig_corrected_v1_1940...
Submitting EDTA.pl for contig_corrected_v1_1941...
Submitting EDTA.pl for contig_corrected_v1_1942...
Submitting EDTA.pl for contig_corrected_v1_1943...
Submitting EDTA.pl for contig_corrected_v1_1944...
Submitting EDTA.pl for contig_corrected_v1_1945...
Submitting EDTA.pl for contig_corrected_v1_1946...
Submitting EDTA.pl for contig_corrected_v1_1947...
Submitting EDTA.pl for contig_corrected_v1_1948...
Submitting EDTA.pl for contig_corrected_v1_1949...
Submitting EDTA.pl for contig_corrected_v1_1950...
Submitting EDTA.pl for contig_corrected_v1_1951...
Submitting EDTA.pl for contig_corrected_v1_1952...
Submitting EDTA.pl for contig_corrected_v1_1953...
Submitting EDTA.pl for contig_corrected_v1_1954...
Submitting EDTA.pl for contig_corrected_v1_1955...
Submitting EDTA.pl for contig_corrected_v1_1956...
Submitting EDTA.pl for contig_corrected_v1_1957...
Submitting EDTA.pl for contig_corrected_v1_1958...
Submitting EDTA.pl for contig_corrected_v1_1959...
Submitting EDTA.pl for contig_corrected_v1_1960...
Submitting EDTA.pl for contig_corrected_v1_1961...
Submitting EDTA.pl for contig_corrected_v1_1962...
Submitting EDTA.pl for contig_corrected_v1_1963...
Submitting EDTA.pl for contig_corrected_v1_1964...
Submitting EDTA.pl for contig_corrected_v1_1965...
Submitting EDTA.pl for contig_corrected_v1_1966...
Submitting EDTA.pl for contig_corrected_v1_1967...
Submitting EDTA.pl for contig_corrected_v1_1968...
Submitting EDTA.pl for contig_corrected_v1_1969...
Submitting EDTA.pl for contig_corrected_v1_1970...
Submitting EDTA.pl for contig_corrected_v1_1971...
Submitting EDTA.pl for contig_corrected_v1_1972...
Submitting EDTA.pl for contig_corrected_v1_1973...
Submitting EDTA.pl for contig_corrected_v1_1974...
Submitting EDTA.pl for contig_corrected_v1_1975...
Submitting EDTA.pl for contig_corrected_v1_1976...
Submitting EDTA.pl for contig_corrected_v1_1977...
Submitting EDTA.pl for contig_corrected_v1_1978...
Submitting EDTA.pl for contig_corrected_v1_1979...
Submitting EDTA.pl for contig_corrected_v1_1980...
Submitting EDTA.pl for contig_corrected_v1_1981...
Submitting EDTA.pl for contig_corrected_v1_1982...
Submitting EDTA.pl for contig_corrected_v1_1983...
Submitting EDTA.pl for contig_corrected_v1_1984...
Submitting EDTA.pl for contig_corrected_v1_1985...
Submitting EDTA.pl for contig_corrected_v1_1986...
Submitting EDTA.pl for contig_corrected_v1_1987...
Submitting EDTA.pl for contig_corrected_v1_1988...
Submitting EDTA.pl for contig_corrected_v1_1989...
Submitting EDTA.pl for contig_corrected_v1_1990...
Submitting EDTA.pl for contig_corrected_v1_1991...
Submitting EDTA.pl for contig_corrected_v1_1992...
Submitting EDTA.pl for contig_corrected_v1_1993...
Submitting EDTA.pl for contig_corrected_v1_1994...
Submitting EDTA.pl for contig_corrected_v1_1995...
Submitting EDTA.pl for contig_corrected_v1_1996...
Submitting EDTA.pl for contig_corrected_v1_1997...
Submitting EDTA.pl for contig_corrected_v1_1998...
Submitting EDTA.pl for contig_corrected_v1_1999...
Submitting EDTA.pl for contig_corrected_v1_2000...
Submitting EDTA.pl for contig_corrected_v1_2001...
Submitting EDTA.pl for contig_corrected_v1_2002...
Submitting EDTA.pl for contig_corrected_v1_2003...
Submitting EDTA.pl for contig_corrected_v1_2004...
Submitting EDTA.pl for contig_corrected_v1_2005...
Submitting EDTA.pl for contig_corrected_v1_2006...
Submitting EDTA.pl for contig_corrected_v1_2007...
Submitting EDTA.pl for contig_corrected_v1_2008...
Submitting EDTA.pl for contig_corrected_v1_2009...
Submitting EDTA.pl for contig_corrected_v1_2010...
Submitting EDTA.pl for contig_corrected_v1_2011...
Submitting EDTA.pl for contig_corrected_v1_2012...
Submitting EDTA.pl for contig_corrected_v1_2013...
Submitting EDTA.pl for contig_corrected_v1_2014...
Submitting EDTA.pl for contig_corrected_v1_2015...
Submitting EDTA.pl for contig_corrected_v1_2016...
Submitting EDTA.pl for contig_corrected_v1_2017...
Submitting EDTA.pl for contig_corrected_v1_2018...
Submitting EDTA.pl for contig_corrected_v1_2019...
Submitting EDTA.pl for contig_corrected_v1_2020...
Submitting EDTA.pl for contig_corrected_v1_2021...
Submitting EDTA.pl for contig_corrected_v1_2022...
Submitting EDTA.pl for contig_corrected_v1_2023...
Submitting EDTA.pl for contig_corrected_v1_2024...
Submitting EDTA.pl for contig_corrected_v1_2025...
Submitting EDTA.pl for contig_corrected_v1_2026...
Submitting EDTA.pl for contig_corrected_v1_2027...
Submitting EDTA.pl for contig_corrected_v1_2028...
Submitting EDTA.pl for contig_corrected_v1_2029...
Submitting EDTA.pl for contig_corrected_v1_2030...
Submitting EDTA.pl for contig_corrected_v1_2031...
Submitting EDTA.pl for contig_corrected_v1_2032...
Submitting EDTA.pl for contig_corrected_v1_2033...
Submitting EDTA.pl for contig_corrected_v1_2034...
Submitting EDTA.pl for contig_corrected_v1_2035...
Submitting EDTA.pl for contig_corrected_v1_2036...
Submitting EDTA.pl for contig_corrected_v1_2037...
Submitting EDTA.pl for contig_corrected_v1_2038...
Submitting EDTA.pl for contig_corrected_v1_2039...
Submitting EDTA.pl for contig_corrected_v1_2040...
Submitting EDTA.pl for contig_corrected_v1_2041...
Submitting EDTA.pl for contig_corrected_v1_2042...
Submitting EDTA.pl for contig_corrected_v1_2043...
Submitting EDTA.pl for contig_corrected_v1_2044...
Submitting EDTA.pl for contig_corrected_v1_2045...
Submitting EDTA.pl for contig_corrected_v1_2046...
Submitting EDTA.pl for contig_corrected_v1_2047...
Submitting EDTA.pl for contig_corrected_v1_2048...
Submitting EDTA.pl for contig_corrected_v1_2049...
Submitting EDTA.pl for contig_corrected_v1_2050...
Submitting EDTA.pl for contig_corrected_v1_2051...
Submitting EDTA.pl for contig_corrected_v1_2052...
Submitting EDTA.pl for contig_corrected_v1_2053...
Submitting EDTA.pl for contig_corrected_v1_2054...
Submitting EDTA.pl for contig_corrected_v1_2055...
Submitting EDTA.pl for contig_corrected_v1_2056...
Submitting EDTA.pl for contig_corrected_v1_2057...
Submitting EDTA.pl for contig_corrected_v1_2058...
Submitting EDTA.pl for contig_corrected_v1_2059...
Submitting EDTA.pl for contig_corrected_v1_2060...
Submitting EDTA.pl for contig_corrected_v1_2061...
Submitting EDTA.pl for contig_corrected_v1_2062...
Submitting EDTA.pl for contig_corrected_v1_2063...
Submitting EDTA.pl for contig_corrected_v1_2064...
Submitting EDTA.pl for contig_corrected_v1_2065...
Submitting EDTA.pl for contig_corrected_v1_2066...
Submitting EDTA.pl for contig_corrected_v1_2067...
Submitting EDTA.pl for contig_corrected_v1_2068...
Submitting EDTA.pl for contig_corrected_v1_2069...
Submitting EDTA.pl for contig_corrected_v1_2070...
Submitting EDTA.pl for contig_corrected_v1_2071...
Submitting EDTA.pl for contig_corrected_v1_2072...
Submitting EDTA.pl for contig_corrected_v1_2073...
Submitting EDTA.pl for contig_corrected_v1_2074...
Submitting EDTA.pl for contig_corrected_v1_2075...
Submitting EDTA.pl for contig_corrected_v1_2076...
Submitting EDTA.pl for contig_corrected_v1_2077...
Submitting EDTA.pl for contig_corrected_v1_2078...
Submitting EDTA.pl for contig_corrected_v1_2079...
Submitting EDTA.pl for contig_corrected_v1_2080...
Submitting EDTA.pl for contig_corrected_v1_2081...
Submitting EDTA.pl for contig_corrected_v1_2082...
Submitting EDTA.pl for contig_corrected_v1_2083...
Submitting EDTA.pl for contig_corrected_v1_2084...
Submitting EDTA.pl for contig_corrected_v1_2085...
Submitting EDTA.pl for contig_corrected_v1_2086...
Submitting EDTA.pl for contig_corrected_v1_2087...
Submitting EDTA.pl for contig_corrected_v1_2088...
Submitting EDTA.pl for contig_corrected_v1_2089...
Submitting EDTA.pl for contig_corrected_v1_2090...
Submitting EDTA.pl for contig_corrected_v1_2091...
Submitting EDTA.pl for contig_corrected_v1_2092...
Submitting EDTA.pl for contig_corrected_v1_2093...
Submitting EDTA.pl for contig_corrected_v1_2094...
Submitting EDTA.pl for contig_corrected_v1_2095...
Submitting EDTA.pl for contig_corrected_v1_2096...
Submitting EDTA.pl for contig_corrected_v1_2097...
Submitting EDTA.pl for contig_corrected_v1_2098...
Submitting EDTA.pl for contig_corrected_v1_2099...
Submitting EDTA.pl for contig_corrected_v1_20...
Submitting EDTA.pl for contig_corrected_v1_2100...
Submitting EDTA.pl for contig_corrected_v1_2101...
Submitting EDTA.pl for contig_corrected_v1_2102...
Submitting EDTA.pl for contig_corrected_v1_2103...
Submitting EDTA.pl for contig_corrected_v1_2104...
Submitting EDTA.pl for contig_corrected_v1_2105...
Submitting EDTA.pl for contig_corrected_v1_2106...
Submitting EDTA.pl for contig_corrected_v1_2107...
Submitting EDTA.pl for contig_corrected_v1_2108...
Submitting EDTA.pl for contig_corrected_v1_2109...
Submitting EDTA.pl for contig_corrected_v1_210...
Submitting EDTA.pl for contig_corrected_v1_2110...
Submitting EDTA.pl for contig_corrected_v1_2111...
Submitting EDTA.pl for contig_corrected_v1_2112...
Submitting EDTA.pl for contig_corrected_v1_2113...
Submitting EDTA.pl for contig_corrected_v1_2114...
Submitting EDTA.pl for contig_corrected_v1_2115...
Submitting EDTA.pl for contig_corrected_v1_2116...
Submitting EDTA.pl for contig_corrected_v1_2117...
Submitting EDTA.pl for contig_corrected_v1_2118...
Submitting EDTA.pl for contig_corrected_v1_2119...
Submitting EDTA.pl for contig_corrected_v1_2120...
Submitting EDTA.pl for contig_corrected_v1_2121...
Submitting EDTA.pl for contig_corrected_v1_2122...
Submitting EDTA.pl for contig_corrected_v1_2123...
Submitting EDTA.pl for contig_corrected_v1_2124...
Submitting EDTA.pl for contig_corrected_v1_2125...
Submitting EDTA.pl for contig_corrected_v1_2126...
Submitting EDTA.pl for contig_corrected_v1_2127...
Submitting EDTA.pl for contig_corrected_v1_2128...
Submitting EDTA.pl for contig_corrected_v1_2129...
Submitting EDTA.pl for contig_corrected_v1_2130...
Submitting EDTA.pl for contig_corrected_v1_2131...
Submitting EDTA.pl for contig_corrected_v1_2132...
Submitting EDTA.pl for contig_corrected_v1_2133...
Submitting EDTA.pl for contig_corrected_v1_2134...
Submitting EDTA.pl for contig_corrected_v1_2135...
Submitting EDTA.pl for contig_corrected_v1_2136...
Submitting EDTA.pl for contig_corrected_v1_2137...
Submitting EDTA.pl for contig_corrected_v1_2138...
Submitting EDTA.pl for contig_corrected_v1_2139...
Submitting EDTA.pl for contig_corrected_v1_2140...
Submitting EDTA.pl for contig_corrected_v1_2141...
Submitting EDTA.pl for contig_corrected_v1_2142...
Submitting EDTA.pl for contig_corrected_v1_2143...
Submitting EDTA.pl for contig_corrected_v1_2144...
Submitting EDTA.pl for contig_corrected_v1_2145...
Submitting EDTA.pl for contig_corrected_v1_2146...
Submitting EDTA.pl for contig_corrected_v1_2147...
Submitting EDTA.pl for contig_corrected_v1_2148...
Submitting EDTA.pl for contig_corrected_v1_2149...
Submitting EDTA.pl for contig_corrected_v1_2150...
Submitting EDTA.pl for contig_corrected_v1_2151...
Submitting EDTA.pl for contig_corrected_v1_2152...
Submitting EDTA.pl for contig_corrected_v1_2153...
Submitting EDTA.pl for contig_corrected_v1_2154...
Submitting EDTA.pl for contig_corrected_v1_2155...
Submitting EDTA.pl for contig_corrected_v1_2156...
Submitting EDTA.pl for contig_corrected_v1_2157...
Submitting EDTA.pl for contig_corrected_v1_2158...
Submitting EDTA.pl for contig_corrected_v1_2159...
Submitting EDTA.pl for contig_corrected_v1_2160...
Submitting EDTA.pl for contig_corrected_v1_2161...
Submitting EDTA.pl for contig_corrected_v1_2162...
Submitting EDTA.pl for contig_corrected_v1_2163...
Submitting EDTA.pl for contig_corrected_v1_2164...
Submitting EDTA.pl for contig_corrected_v1_2165...
Submitting EDTA.pl for contig_corrected_v1_2166...
Submitting EDTA.pl for contig_corrected_v1_2167...
Submitting EDTA.pl for contig_corrected_v1_2168...
Submitting EDTA.pl for contig_corrected_v1_2169...
Submitting EDTA.pl for contig_corrected_v1_2170...
Submitting EDTA.pl for contig_corrected_v1_2171...
Submitting EDTA.pl for contig_corrected_v1_2172...
Submitting EDTA.pl for contig_corrected_v1_2173...
Submitting EDTA.pl for contig_corrected_v1_2174...
Submitting EDTA.pl for contig_corrected_v1_2175...
Submitting EDTA.pl for contig_corrected_v1_2176...
Submitting EDTA.pl for contig_corrected_v1_2177...
Submitting EDTA.pl for contig_corrected_v1_2178...
Submitting EDTA.pl for contig_corrected_v1_2179...
Submitting EDTA.pl for contig_corrected_v1_2180...
Submitting EDTA.pl for contig_corrected_v1_2181...
Submitting EDTA.pl for contig_corrected_v1_2182...
Submitting EDTA.pl for contig_corrected_v1_2183...
Submitting EDTA.pl for contig_corrected_v1_2184...
Submitting EDTA.pl for contig_corrected_v1_2185...
Submitting EDTA.pl for contig_corrected_v1_2186...
Submitting EDTA.pl for contig_corrected_v1_2187...
Submitting EDTA.pl for contig_corrected_v1_2188...
Submitting EDTA.pl for contig_corrected_v1_2189...
Submitting EDTA.pl for contig_corrected_v1_2190...
Submitting EDTA.pl for contig_corrected_v1_2191...
Submitting EDTA.pl for contig_corrected_v1_2192...
Submitting EDTA.pl for contig_corrected_v1_2193...
Submitting EDTA.pl for contig_corrected_v1_2194...
Submitting EDTA.pl for contig_corrected_v1_2195...
Submitting EDTA.pl for contig_corrected_v1_2196...
Submitting EDTA.pl for contig_corrected_v1_2197...
Submitting EDTA.pl for contig_corrected_v1_2198...
Submitting EDTA.pl for contig_corrected_v1_2199...
Submitting EDTA.pl for contig_corrected_v1_2200...
Submitting EDTA.pl for contig_corrected_v1_2201...
Submitting EDTA.pl for contig_corrected_v1_2202...
Submitting EDTA.pl for contig_corrected_v1_2203...
Submitting EDTA.pl for contig_corrected_v1_2204...
Submitting EDTA.pl for contig_corrected_v1_2205...
Submitting EDTA.pl for contig_corrected_v1_2206...
Submitting EDTA.pl for contig_corrected_v1_2207...
Submitting EDTA.pl for contig_corrected_v1_2208...
Submitting EDTA.pl for contig_corrected_v1_2209...
Submitting EDTA.pl for contig_corrected_v1_2210...
Submitting EDTA.pl for contig_corrected_v1_2211...
Submitting EDTA.pl for contig_corrected_v1_2212...
Submitting EDTA.pl for contig_corrected_v1_2213...
Submitting EDTA.pl for contig_corrected_v1_2214...
Submitting EDTA.pl for contig_corrected_v1_2215...
Submitting EDTA.pl for contig_corrected_v1_2216...
Submitting EDTA.pl for contig_corrected_v1_2217...
Submitting EDTA.pl for contig_corrected_v1_2218...
Submitting EDTA.pl for contig_corrected_v1_2219...
Submitting EDTA.pl for contig_corrected_v1_2220...
Submitting EDTA.pl for contig_corrected_v1_2221...
Submitting EDTA.pl for contig_corrected_v1_2222...
Submitting EDTA.pl for contig_corrected_v1_2223...
Submitting EDTA.pl for contig_corrected_v1_2224...
Submitting EDTA.pl for contig_corrected_v1_2225...
Submitting EDTA.pl for contig_corrected_v1_2226...
Submitting EDTA.pl for contig_corrected_v1_2227...
Submitting EDTA.pl for contig_corrected_v1_2228...
Submitting EDTA.pl for contig_corrected_v1_2229...
Submitting EDTA.pl for contig_corrected_v1_2230...
Submitting EDTA.pl for contig_corrected_v1_2231...
Submitting EDTA.pl for contig_corrected_v1_2232...
Submitting EDTA.pl for contig_corrected_v1_2233...
Submitting EDTA.pl for contig_corrected_v1_2234...
Submitting EDTA.pl for contig_corrected_v1_2235...
Submitting EDTA.pl for contig_corrected_v1_2236...
Submitting EDTA.pl for contig_corrected_v1_2237...
Submitting EDTA.pl for contig_corrected_v1_2238...
Submitting EDTA.pl for contig_corrected_v1_2239...
Submitting EDTA.pl for contig_corrected_v1_2240...
Submitting EDTA.pl for contig_corrected_v1_2241...
Submitting EDTA.pl for contig_corrected_v1_2242...
Submitting EDTA.pl for contig_corrected_v1_2243...
Submitting EDTA.pl for contig_corrected_v1_2244...
Submitting EDTA.pl for contig_corrected_v1_2245...
Submitting EDTA.pl for contig_corrected_v1_2246...
Submitting EDTA.pl for contig_corrected_v1_2247...
Submitting EDTA.pl for contig_corrected_v1_2248...
Submitting EDTA.pl for contig_corrected_v1_2249...
Submitting EDTA.pl for contig_corrected_v1_2250...
Submitting EDTA.pl for contig_corrected_v1_2251...
Submitting EDTA.pl for contig_corrected_v1_2252...
Submitting EDTA.pl for contig_corrected_v1_2253...
Submitting EDTA.pl for contig_corrected_v1_2254...
Submitting EDTA.pl for contig_corrected_v1_2255...
Submitting EDTA.pl for contig_corrected_v1_2256...
Submitting EDTA.pl for contig_corrected_v1_2257...
Submitting EDTA.pl for contig_corrected_v1_2258...
Submitting EDTA.pl for contig_corrected_v1_2259...
Submitting EDTA.pl for contig_corrected_v1_2260...
Submitting EDTA.pl for contig_corrected_v1_2261...
Submitting EDTA.pl for contig_corrected_v1_2262...
Submitting EDTA.pl for contig_corrected_v1_2263...
Submitting EDTA.pl for contig_corrected_v1_2264...
Submitting EDTA.pl for contig_corrected_v1_2265...
Submitting EDTA.pl for contig_corrected_v1_2266...
Submitting EDTA.pl for contig_corrected_v1_2267...
Submitting EDTA.pl for contig_corrected_v1_2268...
Submitting EDTA.pl for contig_corrected_v1_2269...
Submitting EDTA.pl for contig_corrected_v1_2270...
Submitting EDTA.pl for contig_corrected_v1_2271...
Submitting EDTA.pl for contig_corrected_v1_2272...
Submitting EDTA.pl for contig_corrected_v1_2273...
Submitting EDTA.pl for contig_corrected_v1_2274...
Submitting EDTA.pl for contig_corrected_v1_2275...
Submitting EDTA.pl for contig_corrected_v1_2276...
Submitting EDTA.pl for contig_corrected_v1_2277...
Submitting EDTA.pl for contig_corrected_v1_2278...
Submitting EDTA.pl for contig_corrected_v1_2279...
Submitting EDTA.pl for contig_corrected_v1_2280...
Submitting EDTA.pl for contig_corrected_v1_2281...
Submitting EDTA.pl for contig_corrected_v1_2282...
Submitting EDTA.pl for contig_corrected_v1_2283...
Submitting EDTA.pl for contig_corrected_v1_2284...
Submitting EDTA.pl for contig_corrected_v1_2285...
Submitting EDTA.pl for contig_corrected_v1_2286...
Submitting EDTA.pl for contig_corrected_v1_2287...
Submitting EDTA.pl for contig_corrected_v1_2288...
Submitting EDTA.pl for contig_corrected_v1_2289...
Submitting EDTA.pl for contig_corrected_v1_228...
Submitting EDTA.pl for contig_corrected_v1_2290...
Submitting EDTA.pl for contig_corrected_v1_2291...
Submitting EDTA.pl for contig_corrected_v1_2292...
Submitting EDTA.pl for contig_corrected_v1_2293...
Submitting EDTA.pl for contig_corrected_v1_2294...
Submitting EDTA.pl for contig_corrected_v1_2295...
Submitting EDTA.pl for contig_corrected_v1_2296...
Submitting EDTA.pl for contig_corrected_v1_2297...
Submitting EDTA.pl for contig_corrected_v1_2298...
Submitting EDTA.pl for contig_corrected_v1_2299...
Submitting EDTA.pl for contig_corrected_v1_2300...
Submitting EDTA.pl for contig_corrected_v1_2301...
Submitting EDTA.pl for contig_corrected_v1_2302...
Submitting EDTA.pl for contig_corrected_v1_2303...
Submitting EDTA.pl for contig_corrected_v1_2304...
Submitting EDTA.pl for contig_corrected_v1_2305...
Submitting EDTA.pl for contig_corrected_v1_2306...
Submitting EDTA.pl for contig_corrected_v1_2307...
Submitting EDTA.pl for contig_corrected_v1_2308...
Submitting EDTA.pl for contig_corrected_v1_2309...
Submitting EDTA.pl for contig_corrected_v1_2310...
Submitting EDTA.pl for contig_corrected_v1_2311...
Submitting EDTA.pl for contig_corrected_v1_2312...
Submitting EDTA.pl for contig_corrected_v1_2313...
Submitting EDTA.pl for contig_corrected_v1_2314...
Submitting EDTA.pl for contig_corrected_v1_2315...
Submitting EDTA.pl for contig_corrected_v1_2316...
Submitting EDTA.pl for contig_corrected_v1_2317...
Submitting EDTA.pl for contig_corrected_v1_2318...
Submitting EDTA.pl for contig_corrected_v1_2319...
Submitting EDTA.pl for contig_corrected_v1_2320...
Submitting EDTA.pl for contig_corrected_v1_2321...
Submitting EDTA.pl for contig_corrected_v1_2322...
Submitting EDTA.pl for contig_corrected_v1_2323...
Submitting EDTA.pl for contig_corrected_v1_2324...
Submitting EDTA.pl for contig_corrected_v1_2325...
Submitting EDTA.pl for contig_corrected_v1_2326...
Submitting EDTA.pl for contig_corrected_v1_2327...
Submitting EDTA.pl for contig_corrected_v1_2328...
Submitting EDTA.pl for contig_corrected_v1_2329...
Submitting EDTA.pl for contig_corrected_v1_2330...
Submitting EDTA.pl for contig_corrected_v1_2331...
Submitting EDTA.pl for contig_corrected_v1_2332...
Submitting EDTA.pl for contig_corrected_v1_2333...
Submitting EDTA.pl for contig_corrected_v1_2334...
Submitting EDTA.pl for contig_corrected_v1_2335...
Submitting EDTA.pl for contig_corrected_v1_2336...
Submitting EDTA.pl for contig_corrected_v1_2337...
Submitting EDTA.pl for contig_corrected_v1_2338...
Submitting EDTA.pl for contig_corrected_v1_2339...
Submitting EDTA.pl for contig_corrected_v1_2340...
Submitting EDTA.pl for contig_corrected_v1_2341...
Submitting EDTA.pl for contig_corrected_v1_2342...
Submitting EDTA.pl for contig_corrected_v1_2343...
Submitting EDTA.pl for contig_corrected_v1_2344...
Submitting EDTA.pl for contig_corrected_v1_2345...
Submitting EDTA.pl for contig_corrected_v1_2346...
Submitting EDTA.pl for contig_corrected_v1_2347...
Submitting EDTA.pl for contig_corrected_v1_2348...
Submitting EDTA.pl for contig_corrected_v1_2349...
Submitting EDTA.pl for contig_corrected_v1_2350...
Submitting EDTA.pl for contig_corrected_v1_2351...
Submitting EDTA.pl for contig_corrected_v1_2352...
Submitting EDTA.pl for contig_corrected_v1_2353...
Submitting EDTA.pl for contig_corrected_v1_2354...
Submitting EDTA.pl for contig_corrected_v1_2355...
Submitting EDTA.pl for contig_corrected_v1_2356...
Submitting EDTA.pl for contig_corrected_v1_2357...
Submitting EDTA.pl for contig_corrected_v1_2358...
Submitting EDTA.pl for contig_corrected_v1_2359...
Submitting EDTA.pl for contig_corrected_v1_2360...
Submitting EDTA.pl for contig_corrected_v1_2361...
Submitting EDTA.pl for contig_corrected_v1_2362...
Submitting EDTA.pl for contig_corrected_v1_2363...
Submitting EDTA.pl for contig_corrected_v1_2364...
Submitting EDTA.pl for contig_corrected_v1_2365...
Submitting EDTA.pl for contig_corrected_v1_2366...
Submitting EDTA.pl for contig_corrected_v1_2367...
Submitting EDTA.pl for contig_corrected_v1_2368...
Submitting EDTA.pl for contig_corrected_v1_2369...
Submitting EDTA.pl for contig_corrected_v1_2370...
Submitting EDTA.pl for contig_corrected_v1_2371...
Submitting EDTA.pl for contig_corrected_v1_2372...
Submitting EDTA.pl for contig_corrected_v1_2373...
Submitting EDTA.pl for contig_corrected_v1_2374...
Submitting EDTA.pl for contig_corrected_v1_2375...
Submitting EDTA.pl for contig_corrected_v1_2376...
Submitting EDTA.pl for contig_corrected_v1_2377...
Submitting EDTA.pl for contig_corrected_v1_2378...
Submitting EDTA.pl for contig_corrected_v1_2379...
Submitting EDTA.pl for contig_corrected_v1_2380...
Submitting EDTA.pl for contig_corrected_v1_2381...
Submitting EDTA.pl for contig_corrected_v1_2382...
Submitting EDTA.pl for contig_corrected_v1_2383...
Submitting EDTA.pl for contig_corrected_v1_2384...
Submitting EDTA.pl for contig_corrected_v1_2385...
Submitting EDTA.pl for contig_corrected_v1_2386...
Submitting EDTA.pl for contig_corrected_v1_2387...
Submitting EDTA.pl for contig_corrected_v1_2388...
Submitting EDTA.pl for contig_corrected_v1_2389...
Submitting EDTA.pl for contig_corrected_v1_2390...
Submitting EDTA.pl for contig_corrected_v1_2391...
Submitting EDTA.pl for contig_corrected_v1_2392...
Submitting EDTA.pl for contig_corrected_v1_2393...
Submitting EDTA.pl for contig_corrected_v1_2394...
Submitting EDTA.pl for contig_corrected_v1_2395...
Submitting EDTA.pl for contig_corrected_v1_2396...
Submitting EDTA.pl for contig_corrected_v1_2397...
Submitting EDTA.pl for contig_corrected_v1_2398...
Submitting EDTA.pl for contig_corrected_v1_2399...
Submitting EDTA.pl for contig_corrected_v1_2400...
Submitting EDTA.pl for contig_corrected_v1_2401...
Submitting EDTA.pl for contig_corrected_v1_2402...
Submitting EDTA.pl for contig_corrected_v1_2403...
Submitting EDTA.pl for contig_corrected_v1_2404...
Submitting EDTA.pl for contig_corrected_v1_2405...
Submitting EDTA.pl for contig_corrected_v1_2406...
Submitting EDTA.pl for contig_corrected_v1_2407...
Submitting EDTA.pl for contig_corrected_v1_2408...
Submitting EDTA.pl for contig_corrected_v1_2409...
Submitting EDTA.pl for contig_corrected_v1_2410...
Submitting EDTA.pl for contig_corrected_v1_2411...
Submitting EDTA.pl for contig_corrected_v1_2412...
Submitting EDTA.pl for contig_corrected_v1_2413...
Submitting EDTA.pl for contig_corrected_v1_2414...
Submitting EDTA.pl for contig_corrected_v1_2415...
Submitting EDTA.pl for contig_corrected_v1_2416...
Submitting EDTA.pl for contig_corrected_v1_2417...
Submitting EDTA.pl for contig_corrected_v1_2418...
Submitting EDTA.pl for contig_corrected_v1_2419...
Submitting EDTA.pl for contig_corrected_v1_2420...
Submitting EDTA.pl for contig_corrected_v1_2421...
Submitting EDTA.pl for contig_corrected_v1_2422...
Submitting EDTA.pl for contig_corrected_v1_2423...
Submitting EDTA.pl for contig_corrected_v1_2424...
Submitting EDTA.pl for contig_corrected_v1_2425...
Submitting EDTA.pl for contig_corrected_v1_2426...
Submitting EDTA.pl for contig_corrected_v1_2427...
Submitting EDTA.pl for contig_corrected_v1_2428...
Submitting EDTA.pl for contig_corrected_v1_2429...
Submitting EDTA.pl for contig_corrected_v1_2430...
Submitting EDTA.pl for contig_corrected_v1_2431...
Submitting EDTA.pl for contig_corrected_v1_2432...
Submitting EDTA.pl for contig_corrected_v1_2433...
Submitting EDTA.pl for contig_corrected_v1_2434...
Submitting EDTA.pl for contig_corrected_v1_2435...
Submitting EDTA.pl for contig_corrected_v1_2436...
Submitting EDTA.pl for contig_corrected_v1_2437...
Submitting EDTA.pl for contig_corrected_v1_2438...
Submitting EDTA.pl for contig_corrected_v1_2439...
Submitting EDTA.pl for contig_corrected_v1_2440...
Submitting EDTA.pl for contig_corrected_v1_2441...
Submitting EDTA.pl for contig_corrected_v1_2442...
Submitting EDTA.pl for contig_corrected_v1_2443...
Submitting EDTA.pl for contig_corrected_v1_2444...
Submitting EDTA.pl for contig_corrected_v1_2445...
Submitting EDTA.pl for contig_corrected_v1_2446...
Submitting EDTA.pl for contig_corrected_v1_2447...
Submitting EDTA.pl for contig_corrected_v1_2448...
Submitting EDTA.pl for contig_corrected_v1_2449...
Submitting EDTA.pl for contig_corrected_v1_2450...
Submitting EDTA.pl for contig_corrected_v1_2451...
Submitting EDTA.pl for contig_corrected_v1_2452...
Submitting EDTA.pl for contig_corrected_v1_2453...
Submitting EDTA.pl for contig_corrected_v1_2454...
Submitting EDTA.pl for contig_corrected_v1_2455...
Submitting EDTA.pl for contig_corrected_v1_2456...
Submitting EDTA.pl for contig_corrected_v1_2457...
Submitting EDTA.pl for contig_corrected_v1_2458...
Submitting EDTA.pl for contig_corrected_v1_2459...
Submitting EDTA.pl for contig_corrected_v1_2460...
Submitting EDTA.pl for contig_corrected_v1_2461...
Submitting EDTA.pl for contig_corrected_v1_2462...
Submitting EDTA.pl for contig_corrected_v1_2463...
Submitting EDTA.pl for contig_corrected_v1_2464...
Submitting EDTA.pl for contig_corrected_v1_2465...
Submitting EDTA.pl for contig_corrected_v1_2466...
Submitting EDTA.pl for contig_corrected_v1_2467...
Submitting EDTA.pl for contig_corrected_v1_2468...
Submitting EDTA.pl for contig_corrected_v1_2469...
Submitting EDTA.pl for contig_corrected_v1_2470...
Submitting EDTA.pl for contig_corrected_v1_2471...
Submitting EDTA.pl for contig_corrected_v1_2472...
Submitting EDTA.pl for contig_corrected_v1_2473...
Submitting EDTA.pl for contig_corrected_v1_2474...
Submitting EDTA.pl for contig_corrected_v1_2475...
Submitting EDTA.pl for contig_corrected_v1_2476...
Submitting EDTA.pl for contig_corrected_v1_2477...
Submitting EDTA.pl for contig_corrected_v1_2478...
Submitting EDTA.pl for contig_corrected_v1_2479...
Submitting EDTA.pl for contig_corrected_v1_2480...
Submitting EDTA.pl for contig_corrected_v1_2481...
Submitting EDTA.pl for contig_corrected_v1_2482...
Submitting EDTA.pl for contig_corrected_v1_2483...
Submitting EDTA.pl for contig_corrected_v1_2484...
Submitting EDTA.pl for contig_corrected_v1_2485...
Submitting EDTA.pl for contig_corrected_v1_2486...
Submitting EDTA.pl for contig_corrected_v1_2487...
Submitting EDTA.pl for contig_corrected_v1_2488...
Submitting EDTA.pl for contig_corrected_v1_2489...
Submitting EDTA.pl for contig_corrected_v1_2490...
Submitting EDTA.pl for contig_corrected_v1_2491...
Submitting EDTA.pl for contig_corrected_v1_2492...
Submitting EDTA.pl for contig_corrected_v1_2493...
Submitting EDTA.pl for contig_corrected_v1_2494...
Submitting EDTA.pl for contig_corrected_v1_2495...
Submitting EDTA.pl for contig_corrected_v1_2496...
Submitting EDTA.pl for contig_corrected_v1_2497...
Submitting EDTA.pl for contig_corrected_v1_2498...
Submitting EDTA.pl for contig_corrected_v1_2499...
Submitting EDTA.pl for contig_corrected_v1_2500...
Submitting EDTA.pl for contig_corrected_v1_2501...
Submitting EDTA.pl for contig_corrected_v1_2502...
Submitting EDTA.pl for contig_corrected_v1_2503...
Submitting EDTA.pl for contig_corrected_v1_2504...
Submitting EDTA.pl for contig_corrected_v1_2505...
Submitting EDTA.pl for contig_corrected_v1_2506...
Submitting EDTA.pl for contig_corrected_v1_2507...
Submitting EDTA.pl for contig_corrected_v1_2508...
Submitting EDTA.pl for contig_corrected_v1_2509...
Submitting EDTA.pl for contig_corrected_v1_2510...
Submitting EDTA.pl for contig_corrected_v1_2511...
Submitting EDTA.pl for contig_corrected_v1_2512...
Submitting EDTA.pl for contig_corrected_v1_2513...
Submitting EDTA.pl for contig_corrected_v1_2514...
Submitting EDTA.pl for contig_corrected_v1_2515...
Submitting EDTA.pl for contig_corrected_v1_2516...
Submitting EDTA.pl for contig_corrected_v1_2517...
Submitting EDTA.pl for contig_corrected_v1_2518...
Submitting EDTA.pl for contig_corrected_v1_2519...
Submitting EDTA.pl for contig_corrected_v1_2520...
Submitting EDTA.pl for contig_corrected_v1_2521...
Submitting EDTA.pl for contig_corrected_v1_2522...
Submitting EDTA.pl for contig_corrected_v1_2523...
Submitting EDTA.pl for contig_corrected_v1_2524...
Submitting EDTA.pl for contig_corrected_v1_2525...
Submitting EDTA.pl for contig_corrected_v1_2526...
Submitting EDTA.pl for contig_corrected_v1_2527...
Submitting EDTA.pl for contig_corrected_v1_2528...
Submitting EDTA.pl for contig_corrected_v1_2529...
Submitting EDTA.pl for contig_corrected_v1_2530...
Submitting EDTA.pl for contig_corrected_v1_2531...
Submitting EDTA.pl for contig_corrected_v1_2532...
Submitting EDTA.pl for contig_corrected_v1_2533...
Submitting EDTA.pl for contig_corrected_v1_2534...
Submitting EDTA.pl for contig_corrected_v1_2535...
Submitting EDTA.pl for contig_corrected_v1_2536...
Submitting EDTA.pl for contig_corrected_v1_2537...
Submitting EDTA.pl for contig_corrected_v1_2538...
Submitting EDTA.pl for contig_corrected_v1_2539...
Submitting EDTA.pl for contig_corrected_v1_2540...
Submitting EDTA.pl for contig_corrected_v1_2541...
Submitting EDTA.pl for contig_corrected_v1_2542...
Submitting EDTA.pl for contig_corrected_v1_2543...
Submitting EDTA.pl for contig_corrected_v1_2544...
Submitting EDTA.pl for contig_corrected_v1_2545...
Submitting EDTA.pl for contig_corrected_v1_2546...
Submitting EDTA.pl for contig_corrected_v1_2547...
Submitting EDTA.pl for contig_corrected_v1_2548...
Submitting EDTA.pl for contig_corrected_v1_2549...
Submitting EDTA.pl for contig_corrected_v1_2550...
Submitting EDTA.pl for contig_corrected_v1_2551...
Submitting EDTA.pl for contig_corrected_v1_2552...
Submitting EDTA.pl for contig_corrected_v1_2553...
Submitting EDTA.pl for contig_corrected_v1_2554...
Submitting EDTA.pl for contig_corrected_v1_2555...
Submitting EDTA.pl for contig_corrected_v1_2556...
Submitting EDTA.pl for contig_corrected_v1_2557...
Submitting EDTA.pl for contig_corrected_v1_2558...
Submitting EDTA.pl for contig_corrected_v1_2559...
Submitting EDTA.pl for contig_corrected_v1_2560...
Submitting EDTA.pl for contig_corrected_v1_2561...
Submitting EDTA.pl for contig_corrected_v1_2562...
Submitting EDTA.pl for contig_corrected_v1_2563...
Submitting EDTA.pl for contig_corrected_v1_2564...
Submitting EDTA.pl for contig_corrected_v1_2565...
Submitting EDTA.pl for contig_corrected_v1_2566...
Submitting EDTA.pl for contig_corrected_v1_2567...
Submitting EDTA.pl for contig_corrected_v1_2568...
Submitting EDTA.pl for contig_corrected_v1_2569...
Submitting EDTA.pl for contig_corrected_v1_2570...
Submitting EDTA.pl for contig_corrected_v1_2571...
Submitting EDTA.pl for contig_corrected_v1_2572...
Submitting EDTA.pl for contig_corrected_v1_2573...
Submitting EDTA.pl for contig_corrected_v1_2574...
Submitting EDTA.pl for contig_corrected_v1_2575...
Submitting EDTA.pl for contig_corrected_v1_2576...
Submitting EDTA.pl for contig_corrected_v1_2577...
Submitting EDTA.pl for contig_corrected_v1_2578...
Submitting EDTA.pl for contig_corrected_v1_2579...
Submitting EDTA.pl for contig_corrected_v1_2580...
Submitting EDTA.pl for contig_corrected_v1_2581...
Submitting EDTA.pl for contig_corrected_v1_2582...
Submitting EDTA.pl for contig_corrected_v1_2583...
Submitting EDTA.pl for contig_corrected_v1_2584...
Submitting EDTA.pl for contig_corrected_v1_2585...
Submitting EDTA.pl for contig_corrected_v1_2586...
Submitting EDTA.pl for contig_corrected_v1_2587...
Submitting EDTA.pl for contig_corrected_v1_2588...
Submitting EDTA.pl for contig_corrected_v1_2589...
Submitting EDTA.pl for contig_corrected_v1_2590...
Submitting EDTA.pl for contig_corrected_v1_2591...
Submitting EDTA.pl for contig_corrected_v1_2592...
Submitting EDTA.pl for contig_corrected_v1_2593...
Submitting EDTA.pl for contig_corrected_v1_2594...
Submitting EDTA.pl for contig_corrected_v1_2595...
Submitting EDTA.pl for contig_corrected_v1_2596...
Submitting EDTA.pl for contig_corrected_v1_2597...
Submitting EDTA.pl for contig_corrected_v1_2598...
Submitting EDTA.pl for contig_corrected_v1_2599...
Submitting EDTA.pl for contig_corrected_v1_2600...
Submitting EDTA.pl for contig_corrected_v1_2601...
Submitting EDTA.pl for contig_corrected_v1_2602...
Submitting EDTA.pl for contig_corrected_v1_2603...
Submitting EDTA.pl for contig_corrected_v1_2604...
Submitting EDTA.pl for contig_corrected_v1_2605...
Submitting EDTA.pl for contig_corrected_v1_2606...
Submitting EDTA.pl for contig_corrected_v1_2607...
Submitting EDTA.pl for contig_corrected_v1_2608...
Submitting EDTA.pl for contig_corrected_v1_2609...
Submitting EDTA.pl for contig_corrected_v1_2610...
Submitting EDTA.pl for contig_corrected_v1_2611...
Submitting EDTA.pl for contig_corrected_v1_2612...
Submitting EDTA.pl for contig_corrected_v1_2613...
Submitting EDTA.pl for contig_corrected_v1_2614...
Submitting EDTA.pl for contig_corrected_v1_2615...
Submitting EDTA.pl for contig_corrected_v1_2616...
Submitting EDTA.pl for contig_corrected_v1_2617...
Submitting EDTA.pl for contig_corrected_v1_2618...
Submitting EDTA.pl for contig_corrected_v1_2619...
Submitting EDTA.pl for contig_corrected_v1_2620...
Submitting EDTA.pl for contig_corrected_v1_2621...
Submitting EDTA.pl for contig_corrected_v1_2622...
Submitting EDTA.pl for contig_corrected_v1_2623...
Submitting EDTA.pl for contig_corrected_v1_2624...
Submitting EDTA.pl for contig_corrected_v1_2625...
Submitting EDTA.pl for contig_corrected_v1_2626...
Submitting EDTA.pl for contig_corrected_v1_2627...
Submitting EDTA.pl for contig_corrected_v1_2628...
Submitting EDTA.pl for contig_corrected_v1_2629...
Submitting EDTA.pl for contig_corrected_v1_2630...
Submitting EDTA.pl for contig_corrected_v1_2631...
Submitting EDTA.pl for contig_corrected_v1_2632...
Submitting EDTA.pl for contig_corrected_v1_2633...
Submitting EDTA.pl for contig_corrected_v1_2634...
Submitting EDTA.pl for contig_corrected_v1_2635...
Submitting EDTA.pl for contig_corrected_v1_2636...
Submitting EDTA.pl for contig_corrected_v1_2637...
Submitting EDTA.pl for contig_corrected_v1_2638...
Submitting EDTA.pl for contig_corrected_v1_2639...
Submitting EDTA.pl for contig_corrected_v1_2640...
Submitting EDTA.pl for contig_corrected_v1_2641...
Submitting EDTA.pl for contig_corrected_v1_2642...
Submitting EDTA.pl for contig_corrected_v1_2643...
Submitting EDTA.pl for contig_corrected_v1_2644...
Submitting EDTA.pl for contig_corrected_v1_2645...
Submitting EDTA.pl for contig_corrected_v1_2646...
Submitting EDTA.pl for contig_corrected_v1_2647...
Submitting EDTA.pl for contig_corrected_v1_2648...
Submitting EDTA.pl for contig_corrected_v1_2649...
Submitting EDTA.pl for contig_corrected_v1_2650...
Submitting EDTA.pl for contig_corrected_v1_2651...
Submitting EDTA.pl for contig_corrected_v1_2652...
Submitting EDTA.pl for contig_corrected_v1_2653...
Submitting EDTA.pl for contig_corrected_v1_2654...
Submitting EDTA.pl for contig_corrected_v1_2655...
Submitting EDTA.pl for contig_corrected_v1_2656...
Submitting EDTA.pl for contig_corrected_v1_2657...
Submitting EDTA.pl for contig_corrected_v1_2658...
Submitting EDTA.pl for contig_corrected_v1_2659...
Submitting EDTA.pl for contig_corrected_v1_2660...
Submitting EDTA.pl for contig_corrected_v1_2661...
Submitting EDTA.pl for contig_corrected_v1_2662...
Submitting EDTA.pl for contig_corrected_v1_2663...
Submitting EDTA.pl for contig_corrected_v1_2664...
Submitting EDTA.pl for contig_corrected_v1_2665...
Submitting EDTA.pl for contig_corrected_v1_2666...
Submitting EDTA.pl for contig_corrected_v1_2667...
Submitting EDTA.pl for contig_corrected_v1_2668...
Submitting EDTA.pl for contig_corrected_v1_2669...
Submitting EDTA.pl for contig_corrected_v1_2670...
Submitting EDTA.pl for contig_corrected_v1_2671...
Submitting EDTA.pl for contig_corrected_v1_2672...
Submitting EDTA.pl for contig_corrected_v1_2673...
Submitting EDTA.pl for contig_corrected_v1_2674...
Submitting EDTA.pl for contig_corrected_v1_2675...
Submitting EDTA.pl for contig_corrected_v1_2676...
Submitting EDTA.pl for contig_corrected_v1_2677...
Submitting EDTA.pl for contig_corrected_v1_2678...
Submitting EDTA.pl for contig_corrected_v1_2679...
Submitting EDTA.pl for contig_corrected_v1_2680...
Submitting EDTA.pl for contig_corrected_v1_2681...
Submitting EDTA.pl for contig_corrected_v1_2682...
Submitting EDTA.pl for contig_corrected_v1_2683...
Submitting EDTA.pl for contig_corrected_v1_2684...
Submitting EDTA.pl for contig_corrected_v1_2685...
Submitting EDTA.pl for contig_corrected_v1_2686...
Submitting EDTA.pl for contig_corrected_v1_2687...
Submitting EDTA.pl for contig_corrected_v1_2688...
Submitting EDTA.pl for contig_corrected_v1_2689...
Submitting EDTA.pl for contig_corrected_v1_2690...
Submitting EDTA.pl for contig_corrected_v1_2691...
Submitting EDTA.pl for contig_corrected_v1_2692...
Submitting EDTA.pl for contig_corrected_v1_2693...
Submitting EDTA.pl for contig_corrected_v1_2694...
Submitting EDTA.pl for contig_corrected_v1_2695...
Submitting EDTA.pl for contig_corrected_v1_2696...
Submitting EDTA.pl for contig_corrected_v1_2697...
Submitting EDTA.pl for contig_corrected_v1_2698...
Submitting EDTA.pl for contig_corrected_v1_2699...
Submitting EDTA.pl for contig_corrected_v1_2700...
Submitting EDTA.pl for contig_corrected_v1_2701...
Submitting EDTA.pl for contig_corrected_v1_2702...
Submitting EDTA.pl for contig_corrected_v1_2703...
Submitting EDTA.pl for contig_corrected_v1_2704...
Submitting EDTA.pl for contig_corrected_v1_2705...
Submitting EDTA.pl for contig_corrected_v1_2706...
Submitting EDTA.pl for contig_corrected_v1_2707...
Submitting EDTA.pl for contig_corrected_v1_2708...
Submitting EDTA.pl for contig_corrected_v1_2709...
Submitting EDTA.pl for contig_corrected_v1_2710...
Submitting EDTA.pl for contig_corrected_v1_2711...
Submitting EDTA.pl for contig_corrected_v1_2712...
Submitting EDTA.pl for contig_corrected_v1_2713...
Submitting EDTA.pl for contig_corrected_v1_2714...
Submitting EDTA.pl for contig_corrected_v1_2715...
Submitting EDTA.pl for contig_corrected_v1_2716...
Submitting EDTA.pl for contig_corrected_v1_2717...
Submitting EDTA.pl for contig_corrected_v1_2718...
Submitting EDTA.pl for contig_corrected_v1_2719...
Submitting EDTA.pl for contig_corrected_v1_2720...
Submitting EDTA.pl for contig_corrected_v1_2721...
Submitting EDTA.pl for contig_corrected_v1_2722...
Submitting EDTA.pl for contig_corrected_v1_2723...
Submitting EDTA.pl for contig_corrected_v1_2724...
Submitting EDTA.pl for contig_corrected_v1_2725...
Submitting EDTA.pl for contig_corrected_v1_2726...
Submitting EDTA.pl for contig_corrected_v1_2727...
Submitting EDTA.pl for contig_corrected_v1_2728...
Submitting EDTA.pl for contig_corrected_v1_2729...
Submitting EDTA.pl for contig_corrected_v1_2730...
Submitting EDTA.pl for contig_corrected_v1_2731...
Submitting EDTA.pl for contig_corrected_v1_2732...
Submitting EDTA.pl for contig_corrected_v1_2733...
Submitting EDTA.pl for contig_corrected_v1_2734...
Submitting EDTA.pl for contig_corrected_v1_2735...
Submitting EDTA.pl for contig_corrected_v1_2736...
Submitting EDTA.pl for contig_corrected_v1_2737...
Submitting EDTA.pl for contig_corrected_v1_2738...
Submitting EDTA.pl for contig_corrected_v1_2739...
Submitting EDTA.pl for contig_corrected_v1_2740...
Submitting EDTA.pl for contig_corrected_v1_2741...
Submitting EDTA.pl for contig_corrected_v1_2742...
Submitting EDTA.pl for contig_corrected_v1_2743...
Submitting EDTA.pl for contig_corrected_v1_2744...
Submitting EDTA.pl for contig_corrected_v1_2745...
Submitting EDTA.pl for contig_corrected_v1_2746...
Submitting EDTA.pl for contig_corrected_v1_2747...
Submitting EDTA.pl for contig_corrected_v1_2748...
Submitting EDTA.pl for contig_corrected_v1_2749...
Submitting EDTA.pl for contig_corrected_v1_2750...
Submitting EDTA.pl for contig_corrected_v1_2751...
Submitting EDTA.pl for contig_corrected_v1_2752...
Submitting EDTA.pl for contig_corrected_v1_2753...
Submitting EDTA.pl for contig_corrected_v1_2754...
Submitting EDTA.pl for contig_corrected_v1_2755...
Submitting EDTA.pl for contig_corrected_v1_2756...
Submitting EDTA.pl for contig_corrected_v1_2757...
Submitting EDTA.pl for contig_corrected_v1_2758...
Submitting EDTA.pl for contig_corrected_v1_2759...
Submitting EDTA.pl for contig_corrected_v1_2760...
Submitting EDTA.pl for contig_corrected_v1_2761...
Submitting EDTA.pl for contig_corrected_v1_2762...
Submitting EDTA.pl for contig_corrected_v1_2763...
Submitting EDTA.pl for contig_corrected_v1_2764...
Submitting EDTA.pl for contig_corrected_v1_2765...
Submitting EDTA.pl for contig_corrected_v1_2766...
Submitting EDTA.pl for contig_corrected_v1_2767...
Submitting EDTA.pl for contig_corrected_v1_2768...
Submitting EDTA.pl for contig_corrected_v1_2769...
Submitting EDTA.pl for contig_corrected_v1_2770...
Submitting EDTA.pl for contig_corrected_v1_2771...
Submitting EDTA.pl for contig_corrected_v1_2772...
Submitting EDTA.pl for contig_corrected_v1_2773...
Submitting EDTA.pl for contig_corrected_v1_2774...
Submitting EDTA.pl for contig_corrected_v1_2775...
Submitting EDTA.pl for contig_corrected_v1_2776...
Submitting EDTA.pl for contig_corrected_v1_2777...
Submitting EDTA.pl for contig_corrected_v1_2778...
Submitting EDTA.pl for contig_corrected_v1_2779...
Submitting EDTA.pl for contig_corrected_v1_2780...
Submitting EDTA.pl for contig_corrected_v1_2781...
Submitting EDTA.pl for contig_corrected_v1_2782...
Submitting EDTA.pl for contig_corrected_v1_2783...
Submitting EDTA.pl for contig_corrected_v1_2784...
Submitting EDTA.pl for contig_corrected_v1_2785...
Submitting EDTA.pl for contig_corrected_v1_2786...
Submitting EDTA.pl for contig_corrected_v1_2787...
Submitting EDTA.pl for contig_corrected_v1_2788...
Submitting EDTA.pl for contig_corrected_v1_2789...
Submitting EDTA.pl for contig_corrected_v1_2790...
Submitting EDTA.pl for contig_corrected_v1_2792...
Submitting EDTA.pl for contig_corrected_v1_2795...
Submitting EDTA.pl for contig_corrected_v1_2798...
Submitting EDTA.pl for contig_corrected_v1_2801...
Submitting EDTA.pl for contig_corrected_v1_2804...
Submitting EDTA.pl for contig_corrected_v1_2807...
Submitting EDTA.pl for contig_corrected_v1_2810...
Submitting EDTA.pl for contig_corrected_v1_304...
Submitting EDTA.pl for contig_corrected_v1_376...
Submitting EDTA.pl for contig_corrected_v1_379...
Submitting EDTA.pl for contig_corrected_v1_403...
Submitting EDTA.pl for contig_corrected_v1_408...
Submitting EDTA.pl for contig_corrected_v1_424...
Submitting EDTA.pl for contig_corrected_v1_468...
Submitting EDTA.pl for contig_corrected_v1_476...
Submitting EDTA.pl for contig_corrected_v1_503...
Submitting EDTA.pl for contig_corrected_v1_516...
Submitting EDTA.pl for contig_corrected_v1_562...
Submitting EDTA.pl for contig_corrected_v1_584...
Submitting EDTA.pl for contig_corrected_v1_596...
Submitting EDTA.pl for contig_corrected_v1_599...
Submitting EDTA.pl for contig_corrected_v1_609...
Submitting EDTA.pl for contig_corrected_v1_613...
Submitting EDTA.pl for contig_corrected_v1_617...
Submitting EDTA.pl for contig_corrected_v1_619...
Submitting EDTA.pl for contig_corrected_v1_623...
Submitting EDTA.pl for contig_corrected_v1_633...
Submitting EDTA.pl for contig_corrected_v1_653...
Submitting EDTA.pl for contig_corrected_v1_663...
Submitting EDTA.pl for contig_corrected_v1_666...
Submitting EDTA.pl for contig_corrected_v1_667...
Submitting EDTA.pl for contig_corrected_v1_673...
Submitting EDTA.pl for contig_corrected_v1_684...
Submitting EDTA.pl for contig_corrected_v1_686...
Submitting EDTA.pl for contig_corrected_v1_688...
Submitting EDTA.pl for contig_corrected_v1_690...
Submitting EDTA.pl for contig_corrected_v1_692...
Submitting EDTA.pl for contig_corrected_v1_693...
Submitting EDTA.pl for contig_corrected_v1_697...
Submitting EDTA.pl for contig_corrected_v1_700...
Submitting EDTA.pl for contig_corrected_v1_716...
Submitting EDTA.pl for contig_corrected_v1_722...
Submitting EDTA.pl for contig_corrected_v1_723...
Submitting EDTA.pl for contig_corrected_v1_742...
Submitting EDTA.pl for contig_corrected_v1_745...
Submitting EDTA.pl for contig_corrected_v1_747...
Submitting EDTA.pl for contig_corrected_v1_754...
Submitting EDTA.pl for contig_corrected_v1_755...
Submitting EDTA.pl for contig_corrected_v1_763...
Submitting EDTA.pl for contig_corrected_v1_768...
Submitting EDTA.pl for contig_corrected_v1_779...
Submitting EDTA.pl for contig_corrected_v1_788...
Submitting EDTA.pl for contig_corrected_v1_792...
Submitting EDTA.pl for contig_corrected_v1_794...
Submitting EDTA.pl for contig_corrected_v1_800...
Submitting EDTA.pl for contig_corrected_v1_802...
Submitting EDTA.pl for contig_corrected_v1_803...
Submitting EDTA.pl for contig_corrected_v1_810...
Submitting EDTA.pl for contig_corrected_v1_811...
Submitting EDTA.pl for contig_corrected_v1_821...
Submitting EDTA.pl for contig_corrected_v1_826...
Submitting EDTA.pl for contig_corrected_v1_830...
Submitting EDTA.pl for contig_corrected_v1_831...
Submitting EDTA.pl for contig_corrected_v1_832...
Submitting EDTA.pl for contig_corrected_v1_833...
Submitting EDTA.pl for contig_corrected_v1_834...
Submitting EDTA.pl for contig_corrected_v1_835...
Submitting EDTA.pl for contig_corrected_v1_838...
Submitting EDTA.pl for contig_corrected_v1_840...
Submitting EDTA.pl for contig_corrected_v1_841...
Submitting EDTA.pl for contig_corrected_v1_842...
Submitting EDTA.pl for contig_corrected_v1_843...
Submitting EDTA.pl for contig_corrected_v1_844...
Submitting EDTA.pl for contig_corrected_v1_845...
Submitting EDTA.pl for contig_corrected_v1_846...
Submitting EDTA.pl for contig_corrected_v1_847...
Submitting EDTA.pl for contig_corrected_v1_848...
Submitting EDTA.pl for contig_corrected_v1_849...
Submitting EDTA.pl for contig_corrected_v1_850...
Submitting EDTA.pl for contig_corrected_v1_851...
Submitting EDTA.pl for contig_corrected_v1_852...
Submitting EDTA.pl for contig_corrected_v1_853...
Submitting EDTA.pl for contig_corrected_v1_854...
Submitting EDTA.pl for contig_corrected_v1_855...
Submitting EDTA.pl for contig_corrected_v1_856...
Submitting EDTA.pl for contig_corrected_v1_857...
Submitting EDTA.pl for contig_corrected_v1_858...
Submitting EDTA.pl for contig_corrected_v1_859...
Submitting EDTA.pl for contig_corrected_v1_860...
Submitting EDTA.pl for contig_corrected_v1_861...
Submitting EDTA.pl for contig_corrected_v1_862...
Submitting EDTA.pl for contig_corrected_v1_863...
Submitting EDTA.pl for contig_corrected_v1_864...
Submitting EDTA.pl for contig_corrected_v1_865...
Submitting EDTA.pl for contig_corrected_v1_866...
Submitting EDTA.pl for contig_corrected_v1_867...
Submitting EDTA.pl for contig_corrected_v1_868...
Submitting EDTA.pl for contig_corrected_v1_869...
Submitting EDTA.pl for contig_corrected_v1_870...
Submitting EDTA.pl for contig_corrected_v1_871...
Submitting EDTA.pl for contig_corrected_v1_872...
Submitting EDTA.pl for contig_corrected_v1_873...
Submitting EDTA.pl for contig_corrected_v1_874...
Submitting EDTA.pl for contig_corrected_v1_875...
Submitting EDTA.pl for contig_corrected_v1_876...
Submitting EDTA.pl for contig_corrected_v1_877...
Submitting EDTA.pl for contig_corrected_v1_878...
Submitting EDTA.pl for contig_corrected_v1_879...
Submitting EDTA.pl for contig_corrected_v1_880...
Submitting EDTA.pl for contig_corrected_v1_881...
Submitting EDTA.pl for contig_corrected_v1_882...
Submitting EDTA.pl for contig_corrected_v1_883...
Submitting EDTA.pl for contig_corrected_v1_884...
Submitting EDTA.pl for contig_corrected_v1_885...
Submitting EDTA.pl for contig_corrected_v1_886...
Submitting EDTA.pl for contig_corrected_v1_887...
Submitting EDTA.pl for contig_corrected_v1_888...
Submitting EDTA.pl for contig_corrected_v1_889...
Submitting EDTA.pl for contig_corrected_v1_890...
Submitting EDTA.pl for contig_corrected_v1_891...
Submitting EDTA.pl for contig_corrected_v1_892...
Submitting EDTA.pl for contig_corrected_v1_893...
Submitting EDTA.pl for contig_corrected_v1_894...
Submitting EDTA.pl for contig_corrected_v1_895...
Submitting EDTA.pl for contig_corrected_v1_896...
Submitting EDTA.pl for contig_corrected_v1_897...
Submitting EDTA.pl for contig_corrected_v1_898...
Submitting EDTA.pl for contig_corrected_v1_899...
Submitting EDTA.pl for contig_corrected_v1_900...
Submitting EDTA.pl for contig_corrected_v1_901...
Submitting EDTA.pl for contig_corrected_v1_902...
Submitting EDTA.pl for contig_corrected_v1_903...
Submitting EDTA.pl for contig_corrected_v1_904...
Submitting EDTA.pl for contig_corrected_v1_905...
Submitting EDTA.pl for contig_corrected_v1_906...
Submitting EDTA.pl for contig_corrected_v1_907...
Submitting EDTA.pl for contig_corrected_v1_908...
Submitting EDTA.pl for contig_corrected_v1_909...
Submitting EDTA.pl for contig_corrected_v1_910...
Submitting EDTA.pl for contig_corrected_v1_911...
Submitting EDTA.pl for contig_corrected_v1_912...
Submitting EDTA.pl for contig_corrected_v1_913...
Submitting EDTA.pl for contig_corrected_v1_914...
Submitting EDTA.pl for contig_corrected_v1_915...
Submitting EDTA.pl for contig_corrected_v1_916...
Submitting EDTA.pl for contig_corrected_v1_917...
Submitting EDTA.pl for contig_corrected_v1_918...
Submitting EDTA.pl for contig_corrected_v1_919...
Submitting EDTA.pl for contig_corrected_v1_920...
Submitting EDTA.pl for contig_corrected_v1_921...
Submitting EDTA.pl for contig_corrected_v1_922...
Submitting EDTA.pl for contig_corrected_v1_923...
Submitting EDTA.pl for contig_corrected_v1_924...
Submitting EDTA.pl for contig_corrected_v1_925...
Submitting EDTA.pl for contig_corrected_v1_926...
Submitting EDTA.pl for contig_corrected_v1_927...
Submitting EDTA.pl for contig_corrected_v1_928...
Submitting EDTA.pl for contig_corrected_v1_929...
Submitting EDTA.pl for contig_corrected_v1_930...
Submitting EDTA.pl for contig_corrected_v1_931...
Submitting EDTA.pl for contig_corrected_v1_932...
Submitting EDTA.pl for contig_corrected_v1_933...
Submitting EDTA.pl for contig_corrected_v1_934...
Submitting EDTA.pl for contig_corrected_v1_935...
Submitting EDTA.pl for contig_corrected_v1_936...
Submitting EDTA.pl for contig_corrected_v1_937...
Submitting EDTA.pl for contig_corrected_v1_938...
Submitting EDTA.pl for contig_corrected_v1_939...
Submitting EDTA.pl for contig_corrected_v1_940...
Submitting EDTA.pl for contig_corrected_v1_941...
Submitting EDTA.pl for contig_corrected_v1_942...
Submitting EDTA.pl for contig_corrected_v1_943...
Submitting EDTA.pl for contig_corrected_v1_944...
Submitting EDTA.pl for contig_corrected_v1_945...
Submitting EDTA.pl for contig_corrected_v1_946...
Submitting EDTA.pl for contig_corrected_v1_947...
Submitting EDTA.pl for contig_corrected_v1_948...
Submitting EDTA.pl for contig_corrected_v1_949...
Submitting EDTA.pl for contig_corrected_v1_950...
Submitting EDTA.pl for contig_corrected_v1_951...
Submitting EDTA.pl for contig_corrected_v1_952...
Submitting EDTA.pl for contig_corrected_v1_953...
Submitting EDTA.pl for contig_corrected_v1_954...
Submitting EDTA.pl for contig_corrected_v1_955...
Submitting EDTA.pl for contig_corrected_v1_956...
Submitting EDTA.pl for contig_corrected_v1_957...
Submitting EDTA.pl for contig_corrected_v1_958...
Submitting EDTA.pl for contig_corrected_v1_959...
Submitting EDTA.pl for contig_corrected_v1_962...
Submitting EDTA.pl for contig_corrected_v1_966...
Submitting EDTA.pl for contig_corrected_v1_970...
Submitting EDTA.pl for contig_corrected_v1_971...
Submitting EDTA.pl for contig_corrected_v1_975...
Submitting EDTA.pl for contig_corrected_v1_977...
Submitting EDTA.pl for contig_corrected_v1_979...
Submitting EDTA.pl for contig_corrected_v1_982...
Submitting EDTA.pl for contig_corrected_v1_983...
Submitting EDTA.pl for contig_corrected_v1_984...
Submitting EDTA.pl for contig_corrected_v1_985...
Submitting EDTA.pl for contig_corrected_v1_986...
Submitting EDTA.pl for contig_corrected_v1_987...
Submitting EDTA.pl for contig_corrected_v1_988...
Submitting EDTA.pl for contig_corrected_v1_989...
Submitting EDTA.pl for contig_corrected_v1_990...
Submitting EDTA.pl for contig_corrected_v1_991...
Submitting EDTA.pl for contig_corrected_v1_992...
Submitting EDTA.pl for contig_corrected_v1_993...
Submitting EDTA.pl for contig_corrected_v1_994...
Submitting EDTA.pl for contig_corrected_v1_995...
Submitting EDTA.pl for contig_corrected_v1_996...
Submitting EDTA.pl for contig_corrected_v1_997...
Submitting EDTA.pl for contig_corrected_v1_998...
Submitting EDTA.pl for contig_corrected_v1_999...
Submitting EDTA.pl for GDB136_chr1H...
Submitting EDTA.pl for GDB136_chr2H...
Submitting EDTA.pl for GDB136_chr3H...
Submitting EDTA.pl for GDB136_chr4H...
Submitting EDTA.pl for GDB136_chr5H...
