nohup: no se tendrá en cuenta la entrada
diamond v2.1.8.162 (C) Max Planck Society for the Advancement of Science, Benjamin Buchfink, University of Tuebingen
Documentation, support and updates available at http://www.diamondsearch.org
Please cite: http://dx.doi.org/10.1038/s41592-021-01101-x Nature Methods (2021)

#CPU threads: 32
Scoring parameters: (Matrix=BLOSUM62 Lambda=0.267 K=0.041 Penalties=11/1)
Temporary directory: sprot_plants_mikado_db
#Target sequences to report alignments for: 10
Opening the database...  [0.023s]
Database: /scratch/GDB136/new_anno/data/uniprot_sprot_plants.fasta.dmnd (type: Diamond database, sequences: 42992, letters: 16129667)
Block size = 2000000000
Algorithm: Double-indexed
Building query histograms...  [2.687s]
Seeking in database...  [0s]
Loading reference sequences...  [0.024s]
Masking reference...  [0.026s]
Initializing temporary storage...  [0.001s]
Building reference histograms...  [0.113s]
Allocating buffers...  [0.002s]
Processing query block 1, reference block 1/1, shape 1/16, index chunk 1/4.
Building reference seed array...  [0.018s]
Building query seed array...  [0.291s]
Computing hash join...  [0.039s]
Masking low complexity seeds...  [0.009s]
Searching alignments...  [0.669s]
Deallocating memory...  [0s]
Processing query block 1, reference block 1/1, shape 1/16, index chunk 2/4.
Building reference seed array...  [0.011s]
Building query seed array...  [0.266s]
Computing hash join...  [0.034s]
Masking low complexity seeds...  [0.009s]
Searching alignments...  [0.473s]
Deallocating memory...  [0s]
Processing query block 1, reference block 1/1, shape 1/16, index chunk 3/4.
Building reference seed array...  [0.014s]
Building query seed array...  [0.229s]
Computing hash join...  [0.034s]
Masking low complexity seeds...  [0.009s]
Searching alignments...  [0.419s]
Deallocating memory...  [0s]
Processing query block 1, reference block 1/1, shape 1/16, index chunk 4/4.
Building reference seed array...  [0.011s]
Building query seed array...  [0.188s]
Computing hash join...  [0.033s]
Masking low complexity seeds...  [0.009s]
Searching alignments...  [0.4s]
Deallocating memory...  [0s]
Processing query block 1, reference block 1/1, shape 2/16, index chunk 1/4.
Building reference seed array...  [0.011s]
Building query seed array...  [0.185s]
Computing hash join...  [0.032s]
Masking low complexity seeds...  [0.008s]
Searching alignments...  [0.453s]
Deallocating memory...  [0s]
Processing query block 1, reference block 1/1, shape 2/16, index chunk 2/4.
Building reference seed array...  [0.013s]
Building query seed array...  [0.205s]
Computing hash join...  [0.032s]
Masking low complexity seeds...  [0.009s]
Searching alignments...  [0.401s]
Deallocating memory...  [0s]
Processing query block 1, reference block 1/1, shape 2/16, index chunk 3/4.
Building reference seed array...  [0.014s]
Building query seed array...  [0.224s]
Computing hash join...  [0.033s]
Masking low complexity seeds...  [0.009s]
Searching alignments...  [0.381s]
Deallocating memory...  [0s]
Processing query block 1, reference block 1/1, shape 2/16, index chunk 4/4.
Building reference seed array...  [0.034s]
Building query seed array...  [0.184s]
Computing hash join...  [0.032s]
Masking low complexity seeds...  [0.011s]
Searching alignments...  [0.372s]
Deallocating memory...  [0s]
Processing query block 1, reference block 1/1, shape 3/16, index chunk 1/4.
Building reference seed array...  [0.011s]
Building query seed array...  [0.229s]
Computing hash join...  [0.034s]
Masking low complexity seeds...  [0.011s]
Searching alignments...  [0.467s]
Deallocating memory...  [0s]
Processing query block 1, reference block 1/1, shape 3/16, index chunk 2/4.
Building reference seed array...  [0.013s]
Building query seed array...  [0.212s]
Computing hash join...  [0.035s]
Masking low complexity seeds...  [0.012s]
Searching alignments...  [0.416s]
Deallocating memory...  [0s]
Processing query block 1, reference block 1/1, shape 3/16, index chunk 3/4.
Building reference seed array...  [0.013s]
Building query seed array...  [0.228s]
Computing hash join...  [0.034s]
Masking low complexity seeds...  [0.011s]
Searching alignments...  [0.392s]
Deallocating memory...  [0s]
Processing query block 1, reference block 1/1, shape 3/16, index chunk 4/4.
Building reference seed array...  [0.012s]
Building query seed array...  [0.184s]
Computing hash join...  [0.034s]
Masking low complexity seeds...  [0.011s]
Searching alignments...  [0.393s]
Deallocating memory...  [0s]
Processing query block 1, reference block 1/1, shape 4/16, index chunk 1/4.
Building reference seed array...  [0.011s]
Building query seed array...  [0.183s]
Computing hash join...  [0.035s]
Masking low complexity seeds...  [0.013s]
Searching alignments...  [0.487s]
Deallocating memory...  [0s]
Processing query block 1, reference block 1/1, shape 4/16, index chunk 2/4.
Building reference seed array...  [0.012s]
Building query seed array...  [0.204s]
Computing hash join...  [0.035s]
Masking low complexity seeds...  [0.01s]
Searching alignments...  [0.521s]
Deallocating memory...  [0s]
Processing query block 1, reference block 1/1, shape 4/16, index chunk 3/4.
Building reference seed array...  [0.014s]
Building query seed array...  [0.23s]
Computing hash join...  [0.034s]
Masking low complexity seeds...  [0.012s]
Searching alignments...  [0.396s]
Deallocating memory...  [0s]
Processing query block 1, reference block 1/1, shape 4/16, index chunk 4/4.
Building reference seed array...  [0.013s]
Building query seed array...  [0.184s]
Computing hash join...  [0.036s]
Masking low complexity seeds...  [0.011s]
Searching alignments...  [0.409s]
Deallocating memory...  [0s]
Processing query block 1, reference block 1/1, shape 5/16, index chunk 1/4.
Building reference seed array...  [0.011s]
Building query seed array...  [0.181s]
Computing hash join...  [0.035s]
Masking low complexity seeds...  [0.012s]
Searching alignments...  [0.435s]
Deallocating memory...  [0s]
Processing query block 1, reference block 1/1, shape 5/16, index chunk 2/4.
Building reference seed array...  [0.038s]
Building query seed array...  [0.204s]
Computing hash join...  [0.031s]
Masking low complexity seeds...  [0.012s]
Searching alignments...  [0.405s]
Deallocating memory...  [0s]
Processing query block 1, reference block 1/1, shape 5/16, index chunk 3/4.
Building reference seed array...  [0.012s]
Building query seed array...  [0.223s]
Computing hash join...  [0.033s]
Masking low complexity seeds...  [0.011s]
Searching alignments...  [0.401s]
Deallocating memory...  [0s]
Processing query block 1, reference block 1/1, shape 5/16, index chunk 4/4.
Building reference seed array...  [0.01s]
Building query seed array...  [0.185s]
Computing hash join...  [0.035s]
Masking low complexity seeds...  [0.009s]
Searching alignments...  [0.361s]
Deallocating memory...  [0s]
Processing query block 1, reference block 1/1, shape 6/16, index chunk 1/4.
Building reference seed array...  [0.011s]
Building query seed array...  [0.189s]
Computing hash join...  [0.034s]
Masking low complexity seeds...  [0.013s]
Searching alignments...  [0.442s]
Deallocating memory...  [0s]
Processing query block 1, reference block 1/1, shape 6/16, index chunk 2/4.
Building reference seed array...  [0.012s]
Building query seed array...  [0.201s]
Computing hash join...  [0.034s]
Masking low complexity seeds...  [0.011s]
Searching alignments...  [0.417s]
Deallocating memory...  [0s]
Processing query block 1, reference block 1/1, shape 6/16, index chunk 3/4.
Building reference seed array...  [0.013s]
Building query seed array...  [0.215s]
Computing hash join...  [0.034s]
Masking low complexity seeds...  [0.009s]
Searching alignments...  [0.412s]
Deallocating memory...  [0s]
Processing query block 1, reference block 1/1, shape 6/16, index chunk 4/4.
Building reference seed array...  [0.012s]
Building query seed array...  [0.181s]
Computing hash join...  [0.031s]
Masking low complexity seeds...  [0.009s]
Searching alignments...  [0.413s]
Deallocating memory...  [0s]
Processing query block 1, reference block 1/1, shape 7/16, index chunk 1/4.
Building reference seed array...  [0.011s]
Building query seed array...  [0.181s]
Computing hash join...  [0.034s]
Masking low complexity seeds...  [0.009s]
Searching alignments...  [0.446s]
Deallocating memory...  [0s]
Processing query block 1, reference block 1/1, shape 7/16, index chunk 2/4.
Building reference seed array...  [0.012s]
Building query seed array...  [0.203s]
Computing hash join...  [0.033s]
Masking low complexity seeds...  [0.011s]
Searching alignments...  [0.406s]
Deallocating memory...  [0s]
Processing query block 1, reference block 1/1, shape 7/16, index chunk 3/4.
Building reference seed array...  [0.013s]
Building query seed array...  [0.216s]
Computing hash join...  [0.03s]
Masking low complexity seeds...  [0.012s]
Searching alignments...  [0.38s]
Deallocating memory...  [0s]
Processing query block 1, reference block 1/1, shape 7/16, index chunk 4/4.
Building reference seed array...  [0.011s]
Building query seed array...  [0.183s]
Computing hash join...  [0.034s]
Masking low complexity seeds...  [0.012s]
Searching alignments...  [0.369s]
Deallocating memory...  [0s]
Processing query block 1, reference block 1/1, shape 8/16, index chunk 1/4.
Building reference seed array...  [0.011s]
Building query seed array...  [0.186s]
Computing hash join...  [0.035s]
Masking low complexity seeds...  [0.013s]
Searching alignments...  [0.449s]
Deallocating memory...  [0s]
Processing query block 1, reference block 1/1, shape 8/16, index chunk 2/4.
Building reference seed array...  [0.012s]
Building query seed array...  [0.192s]
Computing hash join...  [0.035s]
Masking low complexity seeds...  [0.013s]
Searching alignments...  [0.429s]
Deallocating memory...  [0s]
Processing query block 1, reference block 1/1, shape 8/16, index chunk 3/4.
Building reference seed array...  [0.013s]
Building query seed array...  [0.207s]
Computing hash join...  [0.035s]
Masking low complexity seeds...  [0.013s]
Searching alignments...  [0.408s]
Deallocating memory...  [0s]
Processing query block 1, reference block 1/1, shape 8/16, index chunk 4/4.
Building reference seed array...  [0.011s]
Building query seed array...  [0.164s]
Computing hash join...  [0.037s]
Masking low complexity seeds...  [0.013s]
Searching alignments...  [0.376s]
Deallocating memory...  [0s]
Processing query block 1, reference block 1/1, shape 9/16, index chunk 1/4.
Building reference seed array...  [0.012s]
Building query seed array...  [0.191s]
Computing hash join...  [0.035s]
Masking low complexity seeds...  [0.013s]
Searching alignments...  [0.433s]
Deallocating memory...  [0s]
Processing query block 1, reference block 1/1, shape 9/16, index chunk 2/4.
Building reference seed array...  [0.012s]
Building query seed array...  [0.209s]
Computing hash join...  [0.031s]
Masking low complexity seeds...  [0.013s]
Searching alignments...  [0.396s]
Deallocating memory...  [0s]
Processing query block 1, reference block 1/1, shape 9/16, index chunk 3/4.
Building reference seed array...  [0.013s]
Building query seed array...  [0.213s]
Computing hash join...  [0.036s]
Masking low complexity seeds...  [0.013s]
Searching alignments...  [0.398s]
Deallocating memory...  [0s]
Processing query block 1, reference block 1/1, shape 9/16, index chunk 4/4.
Building reference seed array...  [0.011s]
Building query seed array...  [0.166s]
Computing hash join...  [0.035s]
Masking low complexity seeds...  [0.013s]
Searching alignments...  [0.397s]
Deallocating memory...  [0s]
Processing query block 1, reference block 1/1, shape 10/16, index chunk 1/4.
Building reference seed array...  [0.012s]
Building query seed array...  [0.164s]
Computing hash join...  [0.033s]
Masking low complexity seeds...  [0.013s]
Searching alignments...  [0.42s]
Deallocating memory...  [0s]
Processing query block 1, reference block 1/1, shape 10/16, index chunk 2/4.
Building reference seed array...  [0.013s]
Building query seed array...  [0.191s]
Computing hash join...  [0.034s]
Masking low complexity seeds...  [0.013s]
Searching alignments...  [0.387s]
Deallocating memory...  [0s]
Processing query block 1, reference block 1/1, shape 10/16, index chunk 3/4.
Building reference seed array...  [0.013s]
Building query seed array...  [0.22s]
Computing hash join...  [0.034s]
Masking low complexity seeds...  [0.013s]
Searching alignments...  [0.385s]
Deallocating memory...  [0s]
Processing query block 1, reference block 1/1, shape 10/16, index chunk 4/4.
Building reference seed array...  [0.012s]
Building query seed array...  [0.162s]
Computing hash join...  [0.032s]
Masking low complexity seeds...  [0.014s]
Searching alignments...  [0.385s]
Deallocating memory...  [0s]
Processing query block 1, reference block 1/1, shape 11/16, index chunk 1/4.
Building reference seed array...  [0.012s]
Building query seed array...  [0.167s]
Computing hash join...  [0.035s]
Masking low complexity seeds...  [0.011s]
Searching alignments...  [0.436s]
Deallocating memory...  [0s]
Processing query block 1, reference block 1/1, shape 11/16, index chunk 2/4.
Building reference seed array...  [0.013s]
Building query seed array...  [0.196s]
Computing hash join...  [0.032s]
Masking low complexity seeds...  [0.013s]
Searching alignments...  [0.407s]
Deallocating memory...  [0s]
Processing query block 1, reference block 1/1, shape 11/16, index chunk 3/4.
Building reference seed array...  [0.014s]
Building query seed array...  [0.214s]
Computing hash join...  [0.036s]
Masking low complexity seeds...  [0.012s]
Searching alignments...  [0.393s]
Deallocating memory...  [0s]
Processing query block 1, reference block 1/1, shape 11/16, index chunk 4/4.
Building reference seed array...  [0.012s]
Building query seed array...  [0.162s]
Computing hash join...  [0.032s]
Masking low complexity seeds...  [0.013s]
Searching alignments...  [0.391s]
Deallocating memory...  [0.004s]
Processing query block 1, reference block 1/1, shape 12/16, index chunk 1/4.
Building reference seed array...  [0.012s]
Building query seed array...  [0.179s]
Computing hash join...  [0.034s]
Masking low complexity seeds...  [0.012s]
Searching alignments...  [0.444s]
Deallocating memory...  [0s]
Processing query block 1, reference block 1/1, shape 12/16, index chunk 2/4.
Building reference seed array...  [0.013s]
Building query seed array...  [0.195s]
Computing hash join...  [0.035s]
Masking low complexity seeds...  [0.012s]
Searching alignments...  [0.417s]
Deallocating memory...  [0s]
Processing query block 1, reference block 1/1, shape 12/16, index chunk 3/4.
Building reference seed array...  [0.013s]
Building query seed array...  [0.206s]
Computing hash join...  [0.035s]
Masking low complexity seeds...  [0.013s]
Searching alignments...  [0.396s]
Deallocating memory...  [0s]
Processing query block 1, reference block 1/1, shape 12/16, index chunk 4/4.
Building reference seed array...  [0.012s]
Building query seed array...  [0.167s]
Computing hash join...  [0.035s]
Masking low complexity seeds...  [0.013s]
Searching alignments...  [0.393s]
Deallocating memory...  [0s]
Processing query block 1, reference block 1/1, shape 13/16, index chunk 1/4.
Building reference seed array...  [0.012s]
Building query seed array...  [0.166s]
Computing hash join...  [0.035s]
Masking low complexity seeds...  [0.013s]
Searching alignments...  [0.434s]
Deallocating memory...  [0s]
Processing query block 1, reference block 1/1, shape 13/16, index chunk 2/4.
Building reference seed array...  [0.013s]
Building query seed array...  [0.209s]
Computing hash join...  [0.033s]
Masking low complexity seeds...  [0.013s]
Searching alignments...  [0.398s]
Deallocating memory...  [0s]
Processing query block 1, reference block 1/1, shape 13/16, index chunk 3/4.
Building reference seed array...  [0.014s]
Building query seed array...  [0.203s]
Computing hash join...  [0.032s]
Masking low complexity seeds...  [0.015s]
Searching alignments...  [0.387s]
Deallocating memory...  [0s]
Processing query block 1, reference block 1/1, shape 13/16, index chunk 4/4.
Building reference seed array...  [0.011s]
Building query seed array...  [0.162s]
Computing hash join...  [0.033s]
Masking low complexity seeds...  [0.012s]
Searching alignments...  [0.408s]
Deallocating memory...  [0s]
Processing query block 1, reference block 1/1, shape 14/16, index chunk 1/4.
Building reference seed array...  [0.011s]
Building query seed array...  [0.169s]
Computing hash join...  [0.033s]
Masking low complexity seeds...  [0.012s]
Searching alignments...  [0.431s]
Deallocating memory...  [0s]
Processing query block 1, reference block 1/1, shape 14/16, index chunk 2/4.
Building reference seed array...  [0.012s]
Building query seed array...  [0.206s]
Computing hash join...  [0.033s]
Masking low complexity seeds...  [0.013s]
Searching alignments...  [0.413s]
Deallocating memory...  [0s]
Processing query block 1, reference block 1/1, shape 14/16, index chunk 3/4.
Building reference seed array...  [0.013s]
Building query seed array...  [0.208s]
Computing hash join...  [0.034s]
Masking low complexity seeds...  [0.012s]
Searching alignments...  [0.373s]
Deallocating memory...  [0s]
Processing query block 1, reference block 1/1, shape 14/16, index chunk 4/4.
Building reference seed array...  [0.012s]
Building query seed array...  [0.182s]
Computing hash join...  [0.036s]
Masking low complexity seeds...  [0.013s]
Searching alignments...  [0.382s]
Deallocating memory...  [0s]
Processing query block 1, reference block 1/1, shape 15/16, index chunk 1/4.
Building reference seed array...  [0.012s]
Building query seed array...  [0.187s]
Computing hash join...  [0.034s]
Masking low complexity seeds...  [0.013s]
Searching alignments...  [0.443s]
Deallocating memory...  [0s]
Processing query block 1, reference block 1/1, shape 15/16, index chunk 2/4.
Building reference seed array...  [0.012s]
Building query seed array...  [0.207s]
Computing hash join...  [0.036s]
Masking low complexity seeds...  [0.012s]
Searching alignments...  [0.383s]
Deallocating memory...  [0s]
Processing query block 1, reference block 1/1, shape 15/16, index chunk 3/4.
Building reference seed array...  [0.013s]
Building query seed array...  [0.209s]
Computing hash join...  [0.034s]
Masking low complexity seeds...  [0.012s]
Searching alignments...  [0.386s]
Deallocating memory...  [0s]
Processing query block 1, reference block 1/1, shape 15/16, index chunk 4/4.
Building reference seed array...  [0.012s]
Building query seed array...  [0.163s]
Computing hash join...  [0.034s]
Masking low complexity seeds...  [0.012s]
Searching alignments...  [0.379s]
Deallocating memory...  [0s]
Processing query block 1, reference block 1/1, shape 16/16, index chunk 1/4.
Building reference seed array...  [0.012s]
Building query seed array...  [0.174s]
Computing hash join...  [0.034s]
Masking low complexity seeds...  [0.012s]
Searching alignments...  [0.411s]
Deallocating memory...  [0s]
Processing query block 1, reference block 1/1, shape 16/16, index chunk 2/4.
Building reference seed array...  [0.012s]
Building query seed array...  [0.21s]
Computing hash join...  [0.035s]
Masking low complexity seeds...  [0.013s]
Searching alignments...  [0.411s]
Deallocating memory...  [0s]
Processing query block 1, reference block 1/1, shape 16/16, index chunk 3/4.
Building reference seed array...  [0.013s]
Building query seed array...  [0.203s]
Computing hash join...  [0.031s]
Masking low complexity seeds...  [0.012s]
Searching alignments...  [0.393s]
Deallocating memory...  [0s]
Processing query block 1, reference block 1/1, shape 16/16, index chunk 4/4.
Building reference seed array...  [0.012s]
Building query seed array...  [0.169s]
Computing hash join...  [0.035s]
Masking low complexity seeds...  [0.032s]
Searching alignments...  [0.38s]
Deallocating memory...  [0s]
Deallocating buffers...  [0.002s]
Clearing query masking...  [0.152s]
Computing alignments... Loading trace points...  [0.782s]
Sorting trace points...  [0.112s]
Computing alignments...  [11.731s]
Deallocating buffers...  [0.004s]
Loading trace points...  [0s]
 [13.017s]
Deallocating reference...  [0s]
Loading reference sequences...  [0s]
Deallocating buffers...  [0s]
Deallocating queries...  [0.004s]
Total time = 63.533s
Reported 1396314 pairwise alignments, 1396314 HSPs.
187642 queries aligned.
