
Project filesystem
------------------
Executables: 
 - portcullis: "portcullis" - "/scratch/software-phgv2/miniconda3/envs/portcullis_env/bin/portcullis"
Directories: 
 - Data: "//scratch/software-phgv2/miniconda3/envs/portcullis_env/share/portcullis"
 - Scripts: "//scratch/software-phgv2/miniconda3/envs/portcullis_env/share/portcullis/scripts"
Info:
 - Version: 1.2.4

Portcullis V1.2.4

Running portcullis in junction filter mode
------------------------------------------

Loading junctions from portcullis/GDB_136.junctions.tab ... done.
Found 632729 junctions.

Self training mode activated.

Executing python script with this command: portcullis/rule_filter.py --pos_json //scratch/software-phgv2/miniconda3/envs/portcullis_env/share/portcullis/balanced/selftrain_initial_pos.layer1.json //scratch/software-phgv2/miniconda3/envs/portcullis_env/share/portcullis/balanced/selftrain_initial_pos.layer2.json //scratch/software-phgv2/miniconda3/envs/portcullis_env/share/portcullis/balanced/selftrain_initial_pos.layer3.json --neg_json //scratch/software-phgv2/miniconda3/envs/portcullis_env/share/portcullis/balanced/selftrain_initial_neg.layer1.json //scratch/software-phgv2/miniconda3/envs/portcullis_env/share/portcullis/balanced/selftrain_initial_neg.layer2.json //scratch/software-phgv2/miniconda3/envs/portcullis_env/share/portcullis/balanced/selftrain_initial_neg.layer3.json //scratch/software-phgv2/miniconda3/envs/portcullis_env/share/portcullis/balanced/selftrain_initial_neg.layer4.json //scratch/software-phgv2/miniconda3/envs/portcullis_env/share/portcullis/balanced/selftrain_initial_neg.layer5.json //scratch/software-phgv2/miniconda3/envs/portcullis_env/share/portcullis/balanced/selftrain_initial_neg.layer6.json //scratch/software-phgv2/miniconda3/envs/portcullis_env/share/portcullis/balanced/selftrain_initial_neg.layer7.json --prefix=portcullis/portcullis.flt.selftrain.initialset portcullis/GDB_136.junctions.tab
Executing python script.
Loading input junctions ... done. 632729 junctions loaded.

Creating initial positive set for training
------------------------------------------

Applying the following set of rule-based filters to create initial positive set.
1	//scratch/software-phgv2/miniconda3/envs/portcullis_env/share/portcullis/balanced/selftrain_initial_pos.layer1.json
2	//scratch/software-phgv2/miniconda3/envs/portcullis_env/share/portcullis/balanced/selftrain_initial_pos.layer2.json
3	//scratch/software-phgv2/miniconda3/envs/portcullis_env/share/portcullis/balanced/selftrain_initial_pos.layer3.json

LAYER	PASS	FAIL
1	331683	301046
2	225977	406752
3	145224	487505
Intron size at L95 = 2759  positive set maximum intron size limit set to L95 x 1.2: 3310
4	139104	493625

Positive set contains: 139104 junctions

Saving positive set to disk ... done. File saved to: portcullis/portcullis.flt.selftrain.initialset.pos.junctions.tab
493625 remaining for consideration as negative set

Creating initial negative set for training
------------------------------------------
Applying a set of rule-based filters to create initial negative set.
1	//scratch/software-phgv2/miniconda3/envs/portcullis_env/share/portcullis/balanced/selftrain_initial_neg.layer1.json
2	//scratch/software-phgv2/miniconda3/envs/portcullis_env/share/portcullis/balanced/selftrain_initial_neg.layer2.json
3	//scratch/software-phgv2/miniconda3/envs/portcullis_env/share/portcullis/balanced/selftrain_initial_neg.layer3.json
4	//scratch/software-phgv2/miniconda3/envs/portcullis_env/share/portcullis/balanced/selftrain_initial_neg.layer4.json
5	//scratch/software-phgv2/miniconda3/envs/portcullis_env/share/portcullis/balanced/selftrain_initial_neg.layer5.json
6	//scratch/software-phgv2/miniconda3/envs/portcullis_env/share/portcullis/balanced/selftrain_initial_neg.layer6.json
7	//scratch/software-phgv2/miniconda3/envs/portcullis_env/share/portcullis/balanced/selftrain_initial_neg.layer7.json

LAYER	PASS	FAIL
1	8080	485545
2	81	485464
3	1857	483607
4	2950	480657
5	8449	472208
6	0	472208
7	16724	455484
Intron size L95 = 2759 negative set will use junctions with intron size over L95 x 8: 22072 and with maxmmes < 12
8	1474	455484

Negative set contains: 39615 junctions
Saving negative set to disk ... done. File saved to: portcullis/portcullis.flt.selftrain.initialset.neg.junctions.tab

Final train set stats:
 - Positive set: 139104 junctions.
 - Negative set: 39615 junctions.
 - Others: 454010 junctions.

Executed Python script

Initial training set consists of 139104 positive and 39615 negative junctions.

Pos to neg ratio: 0.221661

Confirming intron length L95 is: 2759
Feature learning from training set ... done.

Training Random Forest
----------------------

Oversampling negative set to balance with positive set using SMOTE
Starting Synthetic Minority Oversampling Technique (SMOTE)
Performing K Nearest Neighbour (KNN) ...  Time taken: 1.0s
SMOTE Time taken: 1.1s

Number of synthesized entries: 79230

Combining positive, negative and synthetic negative datasets.
Initialising random forest
Training
Growing trees ..
Computing prediction error ..
Out of box Error (OOBE): 0
Saved forest to file portcullis/portcullis.flt.selftrain.forest.

Predicting valid junctions using random forest model
----------------------------------------------------

Creating feature vector
Initialising random forest
Loading forest from file portcullis/portcullis.flt.selftrain.forest.
Making predictions
Predicting ..
Threshold set at 0.5

Random Forest filtering results
-------------------------
Input contained 632729 junctions.
Output contains 446612 junctions.
Filtered out 186117 junctions.

Recalculating junction grouping and distance stats based on new junction list that passed filters ... done.


Overall results
-------------------------
Input contained 632729 junctions.
Output contains 446612 junctions.
Filtered out 186117 junctions.

Saving junctions passing filter to disk:
 - Saving junction table to: portcullis/portcullis.flt.pass.junctions.tab ... done.
 - Saving BED file with all junctions to: portcullis/portcullis.flt.pass.junctions.bed ... done.
 = Wall time taken: 6.6s


Portcullis junction filter completed.
Total runtime: 82.9s

