nohup: no se tendrá en cuenta la entrada
[M::mp_idx_restore@22.034*0.97] loaded the index
[M::mp_idx_print_stat] 2409882 distinct k-mers; mean occ of infrequent k-mers: 775.72; 9681 frequent k-mers accounting for 328570599 occurrences
[M::worker_pipeline::71.641*11.88] mapped 34514 sequences
[M::worker_pipeline::95.924*16.54] mapped 29053 sequences
[M::worker_pipeline::119.755*19.48] mapped 29966 sequences
[M::worker_pipeline::166.259*20.37] mapped 20325 sequences
[M::worker_pipeline::192.769*21.57] mapped 7602 sequences
[M::worker_pipeline::217.057*22.46] mapped 7057 sequences
[M::worker_pipeline::264.106*21.54] mapped 8302 sequences
[M::worker_pipeline::294.533*21.77] mapped 8205 sequences
[M::worker_pipeline::318.731*22.37] mapped 7753 sequences
[M::worker_pipeline::343.289*23.00] mapped 7531 sequences
[M::worker_pipeline::385.152*23.17] mapped 7527 sequences
[M::worker_pipeline::411.246*23.53] mapped 7952 sequences
[M::worker_pipeline::434.274*23.95] mapped 11095 sequences
[M::worker_pipeline::473.094*24.44] mapped 8711 sequences
[M::worker_pipeline::503.105*24.74] mapped 7137 sequences
[M::worker_pipeline::524.708*25.00] mapped 8390 sequences
[M::worker_pipeline::567.574*24.83] mapped 8554 sequences
[M::worker_pipeline::590.041*25.05] mapped 8230 sequences
[M::worker_pipeline::612.664*25.26] mapped 9099 sequences
[M::worker_pipeline::634.877*25.48] mapped 10061 sequences
[M::worker_pipeline::673.840*25.15] mapped 8293 sequences
[M::worker_pipeline::692.407*25.19] mapped 5330 sequences
[M::worker_pipeline::718.531*25.39] mapped 7901 sequences
[M::worker_pipeline::741.565*25.58] mapped 7773 sequences
[M::worker_pipeline::778.703*25.57] mapped 8310 sequences
[M::worker_pipeline::792.877*25.66] mapped 9539 sequences
[M::worker_pipeline::808.014*25.77] mapped 9711 sequences
[M::worker_pipeline::822.903*25.85] mapped 9811 sequences
[M::worker_pipeline::839.316*25.95] mapped 9656 sequences
[M::worker_pipeline::881.634*25.87] mapped 10173 sequences
[M::worker_pipeline::906.976*26.00] mapped 8760 sequences
[M::worker_pipeline::936.376*26.01] mapped 7139 sequences
[M::worker_pipeline::976.841*25.97] mapped 7145 sequences
[M::worker_pipeline::1002.125*26.11] mapped 10845 sequences
[M::worker_pipeline::1028.643*26.20] mapped 11020 sequences
[M::worker_pipeline::1077.461*25.90] mapped 6148 sequences
[M::worker_pipeline::1110.538*25.97] mapped 6601 sequences
[M::worker_pipeline::1137.324*26.06] mapped 7010 sequences
[M::worker_pipeline::1179.329*25.69] mapped 7689 sequences
[M::worker_pipeline::1205.703*25.81] mapped 6976 sequences
[M::worker_pipeline::1236.314*25.91] mapped 6621 sequences
[M::worker_pipeline::1278.172*25.67] mapped 7053 sequences
[M::worker_pipeline::1306.473*25.75] mapped 6060 sequences
[M::worker_pipeline::1331.467*25.83] mapped 5984 sequences
[M::worker_pipeline::1344.864*25.89] mapped 6253 sequences
[M::worker_pipeline::1381.113*25.92] mapped 9868 sequences
[M::worker_pipeline::1401.345*25.99] mapped 10358 sequences
[M::worker_pipeline::1420.584*26.06] mapped 10536 sequences
[M::worker_pipeline::1440.803*26.11] mapped 10102 sequences
[M::worker_pipeline::1485.387*26.08] mapped 9216 sequences
[M::worker_pipeline::1507.663*26.15] mapped 9056 sequences
[M::worker_pipeline::1530.543*26.22] mapped 10503 sequences
[M::worker_pipeline::1560.373*26.29] mapped 4907 sequences
[M::worker_pipeline::1591.658*26.23] mapped 6579 sequences
[M::worker_pipeline::1605.431*26.27] mapped 6763 sequences
[M::worker_pipeline::1623.259*26.31] mapped 6900 sequences
[M::worker_pipeline::1651.146*26.37] mapped 6314 sequences
[M::worker_pipeline::1732.941*26.45] mapped 4569 sequences
[M::worker_pipeline::1821.494*26.65] mapped 4522 sequences
[M::worker_pipeline::1913.844*26.81] mapped 4471 sequences
[M::worker_pipeline::2006.198*26.96] mapped 4380 sequences
[M::worker_pipeline::2073.191*27.06] mapped 5224 sequences
[M::worker_pipeline::2144.041*27.15] mapped 6127 sequences
[M::worker_pipeline::2215.311*27.24] mapped 6151 sequences
[M::worker_pipeline::2237.517*27.28] mapped 6994 sequences
[M::worker_pipeline::2258.923*27.31] mapped 7067 sequences
[M::worker_pipeline::2298.024*27.38] mapped 7064 sequences
[M::worker_pipeline::2334.135*27.41] mapped 6033 sequences
[M::worker_pipeline::2361.767*27.44] mapped 5190 sequences
[M::worker_pipeline::2411.363*27.51] mapped 5796 sequences
[M::worker_pipeline::2435.982*27.52] mapped 10085 sequences
[M::worker_pipeline::2464.782*27.56] mapped 6943 sequences
[M::worker_pipeline::2512.659*27.54] mapped 10048 sequences
[M::worker_pipeline::2525.489*27.55] mapped 6504 sequences
[M::worker_pipeline::2549.492*27.58] mapped 7903 sequences
[M::worker_pipeline::2572.575*27.60] mapped 8826 sequences
[M::worker_pipeline::2611.223*27.60] mapped 7496 sequences
[M::worker_pipeline::2629.938*27.63] mapped 7474 sequences
[M::worker_pipeline::2653.934*27.64] mapped 7442 sequences
[M::worker_pipeline::2699.006*27.70] mapped 7549 sequences
[M::worker_pipeline::2742.318*27.74] mapped 6935 sequences
[M::worker_pipeline::2768.156*27.77] mapped 9871 sequences
[M::worker_pipeline::2823.415*27.79] mapped 7810 sequences
[M::worker_pipeline::2860.019*27.84] mapped 7335 sequences
[M::worker_pipeline::2913.793*27.90] mapped 7614 sequences
[M::worker_pipeline::2950.834*27.95] mapped 7856 sequences
[M::worker_pipeline::2998.218*27.95] mapped 7885 sequences
[M::worker_pipeline::3032.310*27.98] mapped 7391 sequences
[M::worker_pipeline::3077.228*27.98] mapped 7465 sequences
[M::worker_pipeline::3138.363*27.97] mapped 6280 sequences
[M::worker_pipeline::3163.340*27.99] mapped 3137 sequences
[M::main] Version: 0.13-r248
[M::main] CMD: miniprot -t 32 --gff miniprot/GDB_136.mpi data/uniref_tax38820_id0.5.fasta
[M::main] Real time: 3163.508 sec; CPU: 88529.527 sec; Peak RSS: 66.715 GB
